[2023-09-19T08:47:10.219-0300][gc] Using G1
[2023-09-19T08:47:10.228-0300][gc,init] Version: 17.0.6+9-LTS-190 (release)
[2023-09-19T08:47:10.228-0300][gc,init] CPUs: 8 total, 8 available
[2023-09-19T08:47:10.228-0300][gc,init] Memory: 15459M
[2023-09-19T08:47:10.228-0300][gc,init] Large Page Support: Disabled
[2023-09-19T08:47:10.228-0300][gc,init] NUMA Support: Disabled
[2023-09-19T08:47:10.228-0300][gc,init] Compressed Oops: Enabled (32-bit)
[2023-09-19T08:47:10.228-0300][gc,init] Heap Region Size: 1M
[2023-09-19T08:47:10.228-0300][gc,init] Heap Min Capacity: 1G
[2023-09-19T08:47:10.228-0300][gc,init] Heap Initial Capacity: 1G
[2023-09-19T08:47:10.228-0300][gc,init] Heap Max Capacity: 1G
[2023-09-19T08:47:10.228-0300][gc,init] Pre-touch: Disabled
[2023-09-19T08:47:10.228-0300][gc,init] Parallel Workers: 8
[2023-09-19T08:47:10.228-0300][gc,init] Concurrent Workers: 2
[2023-09-19T08:47:10.228-0300][gc,init] Concurrent Refinement Workers: 8
[2023-09-19T08:47:10.228-0300][gc,init] Periodic GC: Disabled
[2023-09-19T08:47:10.228-0300][gc,metaspace] CDS archive(s) mapped at: [0x0000000800000000-0x0000000800be3000-0x0000000800be3000), size 12464128, SharedBaseAddress: 0x0000000800000000, ArchiveRelocationMode: 0.
[2023-09-19T08:47:10.228-0300][gc,metaspace] Compressed class space mapped at: 0x0000000800c00000-0x0000000840c00000, reserved size: 1073741824
[2023-09-19T08:47:10.228-0300][gc,metaspace] Narrow klass base: 0x0000000800000000, Narrow klass shift: 0, Narrow klass range: 0x100000000
[2023-09-19T08:47:11.079-0300][gc,start    ] GC(0) Pause Young (Normal) (G1 Evacuation Pause)
[2023-09-19T08:47:11.080-0300][gc,task     ] GC(0) Using 8 workers of 8 for evacuation
[2023-09-19T08:47:11.084-0300][gc,phases   ] GC(0)   Pre Evacuate Collection Set: 0,1ms
[2023-09-19T08:47:11.084-0300][gc,phases   ] GC(0)   Merge Heap Roots: 0,0ms
[2023-09-19T08:47:11.084-0300][gc,phases   ] GC(0)   Evacuate Collection Set: 3,2ms
[2023-09-19T08:47:11.084-0300][gc,phases   ] GC(0)   Post Evacuate Collection Set: 0,5ms
[2023-09-19T08:47:11.084-0300][gc,phases   ] GC(0)   Other: 0,6ms
[2023-09-19T08:47:11.084-0300][gc,heap     ] GC(0) Eden regions: 51->0(44)
[2023-09-19T08:47:11.084-0300][gc,heap     ] GC(0) Survivor regions: 0->7(7)
[2023-09-19T08:47:11.084-0300][gc,heap     ] GC(0) Old regions: 0->1
[2023-09-19T08:47:11.084-0300][gc,heap     ] GC(0) Archive regions: 2->2
[2023-09-19T08:47:11.084-0300][gc,heap     ] GC(0) Humongous regions: 0->0
[2023-09-19T08:47:11.084-0300][gc,metaspace] GC(0) Metaspace: 18441K(18624K)->18441K(18624K) NonClass: 16259K(16320K)->16259K(16320K) Class: 2182K(2304K)->2182K(2304K)
[2023-09-19T08:47:11.084-0300][gc          ] GC(0) Pause Young (Normal) (G1 Evacuation Pause) 51M->8M(1024M) 4,470ms
[2023-09-19T08:47:11.084-0300][gc,cpu      ] GC(0) User=0,01s Sys=0,00s Real=0,01s
[2023-09-19T08:47:11.278-0300][gc,start    ] GC(1) Pause Young (Concurrent Start) (Metadata GC Threshold)
[2023-09-19T08:47:11.278-0300][gc,task     ] GC(1) Using 8 workers of 8 for evacuation
[2023-09-19T08:47:11.282-0300][gc,phases   ] GC(1)   Pre Evacuate Collection Set: 0,1ms
[2023-09-19T08:47:11.282-0300][gc,phases   ] GC(1)   Merge Heap Roots: 0,0ms
[2023-09-19T08:47:11.282-0300][gc,phases   ] GC(1)   Evacuate Collection Set: 2,7ms
[2023-09-19T08:47:11.282-0300][gc,phases   ] GC(1)   Post Evacuate Collection Set: 0,4ms
[2023-09-19T08:47:11.282-0300][gc,phases   ] GC(1)   Other: 0,1ms
[2023-09-19T08:47:11.282-0300][gc,heap     ] GC(1) Eden regions: 12->0(50)
[2023-09-19T08:47:11.282-0300][gc,heap     ] GC(1) Survivor regions: 7->1(7)
[2023-09-19T08:47:11.282-0300][gc,heap     ] GC(1) Old regions: 1->8
[2023-09-19T08:47:11.282-0300][gc,heap     ] GC(1) Archive regions: 2->2
[2023-09-19T08:47:11.282-0300][gc,heap     ] GC(1) Humongous regions: 0->0
[2023-09-19T08:47:11.282-0300][gc,metaspace] GC(1) Metaspace: 21303K(21504K)->21303K(21504K) NonClass: 18736K(18816K)->18736K(18816K) Class: 2566K(2688K)->2566K(2688K)
[2023-09-19T08:47:11.282-0300][gc          ] GC(1) Pause Young (Concurrent Start) (Metadata GC Threshold) 19M->9M(1024M) 3,446ms
[2023-09-19T08:47:11.282-0300][gc,cpu      ] GC(1) User=0,02s Sys=0,00s Real=0,00s
[2023-09-19T08:47:11.282-0300][gc          ] GC(2) Concurrent Mark Cycle
[2023-09-19T08:47:11.282-0300][gc,marking  ] GC(2) Concurrent Clear Claimed Marks
[2023-09-19T08:47:11.282-0300][gc,marking  ] GC(2) Concurrent Clear Claimed Marks 0,019ms
[2023-09-19T08:47:11.282-0300][gc,marking  ] GC(2) Concurrent Scan Root Regions
[2023-09-19T08:47:11.284-0300][gc,marking  ] GC(2) Concurrent Scan Root Regions 1,853ms
[2023-09-19T08:47:11.284-0300][gc,marking  ] GC(2) Concurrent Mark
[2023-09-19T08:47:11.284-0300][gc,marking  ] GC(2) Concurrent Mark From Roots
[2023-09-19T08:47:11.284-0300][gc,task     ] GC(2) Using 2 workers of 2 for marking
[2023-09-19T08:47:11.285-0300][gc,marking  ] GC(2) Concurrent Mark From Roots 1,035ms
[2023-09-19T08:47:11.285-0300][gc,marking  ] GC(2) Concurrent Preclean
[2023-09-19T08:47:11.285-0300][gc,marking  ] GC(2) Concurrent Preclean 0,045ms
[2023-09-19T08:47:11.285-0300][gc,start    ] GC(2) Pause Remark
[2023-09-19T08:47:11.286-0300][gc          ] GC(2) Pause Remark 9M->9M(1024M) 0,958ms
[2023-09-19T08:47:11.286-0300][gc,cpu      ] GC(2) User=0,01s Sys=0,00s Real=0,00s
[2023-09-19T08:47:11.286-0300][gc,marking  ] GC(2) Concurrent Mark 2,333ms
[2023-09-19T08:47:11.286-0300][gc,marking  ] GC(2) Concurrent Rebuild Remembered Sets
[2023-09-19T08:47:11.288-0300][gc,marking  ] GC(2) Concurrent Rebuild Remembered Sets 1,897ms
[2023-09-19T08:47:11.288-0300][gc,start    ] GC(2) Pause Cleanup
[2023-09-19T08:47:11.288-0300][gc          ] GC(2) Pause Cleanup 9M->9M(1024M) 0,138ms
[2023-09-19T08:47:11.288-0300][gc,cpu      ] GC(2) User=0,00s Sys=0,00s Real=0,00s
[2023-09-19T08:47:11.288-0300][gc,marking  ] GC(2) Concurrent Cleanup for Next Mark
[2023-09-19T08:47:11.292-0300][gc,marking  ] GC(2) Concurrent Cleanup for Next Mark 4,151ms
[2023-09-19T08:47:11.292-0300][gc          ] GC(2) Concurrent Mark Cycle 10,775ms
[2023-09-19T08:47:12.019-0300][gc,start    ] GC(3) Pause Young (Normal) (G1 Evacuation Pause)
[2023-09-19T08:47:12.019-0300][gc,task     ] GC(3) Using 8 workers of 8 for evacuation
[2023-09-19T08:47:12.023-0300][gc,phases   ] GC(3)   Pre Evacuate Collection Set: 0,1ms
[2023-09-19T08:47:12.023-0300][gc,phases   ] GC(3)   Merge Heap Roots: 0,1ms
[2023-09-19T08:47:12.023-0300][gc,phases   ] GC(3)   Evacuate Collection Set: 2,9ms
[2023-09-19T08:47:12.023-0300][gc,phases   ] GC(3)   Post Evacuate Collection Set: 0,3ms
[2023-09-19T08:47:12.023-0300][gc,phases   ] GC(3)   Other: 0,1ms
[2023-09-19T08:47:12.023-0300][gc,heap     ] GC(3) Eden regions: 50->0(45)
[2023-09-19T08:47:12.023-0300][gc,heap     ] GC(3) Survivor regions: 1->6(7)
[2023-09-19T08:47:12.023-0300][gc,heap     ] GC(3) Old regions: 8->8
[2023-09-19T08:47:12.023-0300][gc,heap     ] GC(3) Archive regions: 2->2
[2023-09-19T08:47:12.023-0300][gc,heap     ] GC(3) Humongous regions: 129->129
[2023-09-19T08:47:12.023-0300][gc,metaspace] GC(3) Metaspace: 31406K(31680K)->31406K(31680K) NonClass: 27885K(28032K)->27885K(28032K) Class: 3520K(3648K)->3520K(3648K)
[2023-09-19T08:47:12.023-0300][gc          ] GC(3) Pause Young (Normal) (G1 Evacuation Pause) 188M->142M(1024M) 3,542ms
[2023-09-19T08:47:12.023-0300][gc,cpu      ] GC(3) User=0,02s Sys=0,00s Real=0,01s
[2023-09-19T08:47:12.344-0300][gc,start    ] GC(4) Pause Young (Concurrent Start) (Metadata GC Threshold)
[2023-09-19T08:47:12.344-0300][gc,task     ] GC(4) Using 8 workers of 8 for evacuation
[2023-09-19T08:47:12.349-0300][gc,phases   ] GC(4)   Pre Evacuate Collection Set: 0,1ms
[2023-09-19T08:47:12.349-0300][gc,phases   ] GC(4)   Merge Heap Roots: 0,0ms
[2023-09-19T08:47:12.349-0300][gc,phases   ] GC(4)   Evacuate Collection Set: 4,4ms
[2023-09-19T08:47:12.349-0300][gc,phases   ] GC(4)   Post Evacuate Collection Set: 0,5ms
[2023-09-19T08:47:12.349-0300][gc,phases   ] GC(4)   Other: 0,2ms
[2023-09-19T08:47:12.349-0300][gc,heap     ] GC(4) Eden regions: 20->0(49)
[2023-09-19T08:47:12.349-0300][gc,heap     ] GC(4) Survivor regions: 6->2(7)
[2023-09-19T08:47:12.349-0300][gc,heap     ] GC(4) Old regions: 8->13
[2023-09-19T08:47:12.349-0300][gc,heap     ] GC(4) Archive regions: 2->2
[2023-09-19T08:47:12.349-0300][gc,heap     ] GC(4) Humongous regions: 129->129
[2023-09-19T08:47:12.349-0300][gc,metaspace] GC(4) Metaspace: 35661K(35968K)->35661K(35968K) NonClass: 31607K(31744K)->31607K(31744K) Class: 4054K(4224K)->4054K(4224K)
[2023-09-19T08:47:12.349-0300][gc          ] GC(4) Pause Young (Concurrent Start) (Metadata GC Threshold) 162M->144M(1024M) 5,399ms
[2023-09-19T08:47:12.349-0300][gc,cpu      ] GC(4) User=0,03s Sys=0,00s Real=0,00s
[2023-09-19T08:47:12.349-0300][gc          ] GC(5) Concurrent Mark Cycle
[2023-09-19T08:47:12.349-0300][gc,marking  ] GC(5) Concurrent Clear Claimed Marks
[2023-09-19T08:47:12.349-0300][gc,marking  ] GC(5) Concurrent Clear Claimed Marks 0,023ms
[2023-09-19T08:47:12.349-0300][gc,marking  ] GC(5) Concurrent Scan Root Regions
[2023-09-19T08:47:12.353-0300][gc,marking  ] GC(5) Concurrent Scan Root Regions 3,525ms
[2023-09-19T08:47:12.353-0300][gc,marking  ] GC(5) Concurrent Mark
[2023-09-19T08:47:12.353-0300][gc,marking  ] GC(5) Concurrent Mark From Roots
[2023-09-19T08:47:12.353-0300][gc,task     ] GC(5) Using 2 workers of 2 for marking
[2023-09-19T08:47:12.359-0300][gc,marking  ] GC(5) Concurrent Mark From Roots 6,261ms
[2023-09-19T08:47:12.359-0300][gc,marking  ] GC(5) Concurrent Preclean
[2023-09-19T08:47:12.359-0300][gc,marking  ] GC(5) Concurrent Preclean 0,110ms
[2023-09-19T08:47:12.359-0300][gc,start    ] GC(5) Pause Remark
[2023-09-19T08:47:12.361-0300][gc          ] GC(5) Pause Remark 144M->144M(1024M) 1,757ms
[2023-09-19T08:47:12.361-0300][gc,cpu      ] GC(5) User=0,01s Sys=0,00s Real=0,00s
[2023-09-19T08:47:12.361-0300][gc,marking  ] GC(5) Concurrent Mark 8,327ms
[2023-09-19T08:47:12.361-0300][gc,marking  ] GC(5) Concurrent Rebuild Remembered Sets
[2023-09-19T08:47:12.368-0300][gc,marking  ] GC(5) Concurrent Rebuild Remembered Sets 6,956ms
[2023-09-19T08:47:12.368-0300][gc,start    ] GC(5) Pause Cleanup
[2023-09-19T08:47:12.369-0300][gc          ] GC(5) Pause Cleanup 145M->145M(1024M) 0,194ms
[2023-09-19T08:47:12.369-0300][gc,cpu      ] GC(5) User=0,00s Sys=0,00s Real=0,00s
[2023-09-19T08:47:12.369-0300][gc,marking  ] GC(5) Concurrent Cleanup for Next Mark
[2023-09-19T08:47:12.375-0300][gc,marking  ] GC(5) Concurrent Cleanup for Next Mark 5,843ms
[2023-09-19T08:47:12.375-0300][gc          ] GC(5) Concurrent Mark Cycle 25,275ms
[2023-09-19T08:52:37.687-0300][gc,start    ] GC(6) Pause Young (Normal) (G1 Evacuation Pause)
[2023-09-19T08:52:37.687-0300][gc,task     ] GC(6) Using 8 workers of 8 for evacuation
[2023-09-19T08:52:37.692-0300][gc,phases   ] GC(6)   Pre Evacuate Collection Set: 0,1ms
[2023-09-19T08:52:37.692-0300][gc,phases   ] GC(6)   Merge Heap Roots: 0,3ms
[2023-09-19T08:52:37.692-0300][gc,phases   ] GC(6)   Evacuate Collection Set: 3,4ms
[2023-09-19T08:52:37.692-0300][gc,phases   ] GC(6)   Post Evacuate Collection Set: 0,8ms
[2023-09-19T08:52:37.692-0300][gc,phases   ] GC(6)   Other: 0,7ms
[2023-09-19T08:52:37.692-0300][gc,heap     ] GC(6) Eden regions: 49->0(45)
[2023-09-19T08:52:37.692-0300][gc,heap     ] GC(6) Survivor regions: 2->6(7)
[2023-09-19T08:52:37.692-0300][gc,heap     ] GC(6) Old regions: 13->13
[2023-09-19T08:52:37.692-0300][gc,heap     ] GC(6) Archive regions: 2->2
[2023-09-19T08:52:37.692-0300][gc,heap     ] GC(6) Humongous regions: 159->129
[2023-09-19T08:52:37.692-0300][gc,metaspace] GC(6) Metaspace: 40515K(41088K)->40515K(41088K) NonClass: 35755K(36096K)->35755K(36096K) Class: 4760K(4992K)->4760K(4992K)
[2023-09-19T08:52:37.692-0300][gc          ] GC(6) Pause Young (Normal) (G1 Evacuation Pause) 223M->148M(1024M) 5,213ms
[2023-09-19T08:52:37.692-0300][gc,cpu      ] GC(6) User=0,03s Sys=0,00s Real=0,01s
[2023-09-19T09:00:32.695-0300][gc,start    ] GC(7) Pause Young (Normal) (G1 Evacuation Pause)
[2023-09-19T09:00:32.695-0300][gc,task     ] GC(7) Using 8 workers of 8 for evacuation
[2023-09-19T09:00:32.700-0300][gc,phases   ] GC(7)   Pre Evacuate Collection Set: 0,3ms
[2023-09-19T09:00:32.701-0300][gc,phases   ] GC(7)   Merge Heap Roots: 0,1ms
[2023-09-19T09:00:32.701-0300][gc,phases   ] GC(7)   Evacuate Collection Set: 4,5ms
[2023-09-19T09:00:32.701-0300][gc,phases   ] GC(7)   Post Evacuate Collection Set: 0,8ms
[2023-09-19T09:00:32.701-0300][gc,phases   ] GC(7)   Other: 0,3ms
[2023-09-19T09:00:32.701-0300][gc,heap     ] GC(7) Eden regions: 45->0(48)
[2023-09-19T09:00:32.701-0300][gc,heap     ] GC(7) Survivor regions: 6->3(7)
[2023-09-19T09:00:32.701-0300][gc,heap     ] GC(7) Old regions: 13->16
[2023-09-19T09:00:32.701-0300][gc,heap     ] GC(7) Archive regions: 2->2
[2023-09-19T09:00:32.701-0300][gc,heap     ] GC(7) Humongous regions: 129->129
[2023-09-19T09:00:32.701-0300][gc,metaspace] GC(7) Metaspace: 40676K(41216K)->40676K(41216K) NonClass: 35896K(36224K)->35896K(36224K) Class: 4779K(4992K)->4779K(4992K)
[2023-09-19T09:00:32.701-0300][gc          ] GC(7) Pause Young (Normal) (G1 Evacuation Pause) 193M->148M(1024M) 5,978ms
[2023-09-19T09:00:32.701-0300][gc,cpu      ] GC(7) User=0,03s Sys=0,00s Real=0,00s
[2023-09-19T09:12:40.314-0300][gc,start    ] GC(8) Pause Young (Normal) (G1 Evacuation Pause)
[2023-09-19T09:12:40.315-0300][gc,task     ] GC(8) Using 8 workers of 8 for evacuation
[2023-09-19T09:12:40.320-0300][gc,phases   ] GC(8)   Pre Evacuate Collection Set: 0,2ms
[2023-09-19T09:12:40.320-0300][gc,phases   ] GC(8)   Merge Heap Roots: 0,1ms
[2023-09-19T09:12:40.320-0300][gc,phases   ] GC(8)   Evacuate Collection Set: 4,9ms
[2023-09-19T09:12:40.320-0300][gc,phases   ] GC(8)   Post Evacuate Collection Set: 0,5ms
[2023-09-19T09:12:40.320-0300][gc,phases   ] GC(8)   Other: 0,2ms
[2023-09-19T09:12:40.320-0300][gc,heap     ] GC(8) Eden regions: 48->0(45)
[2023-09-19T09:12:40.320-0300][gc,heap     ] GC(8) Survivor regions: 3->6(7)
[2023-09-19T09:12:40.321-0300][gc,heap     ] GC(8) Old regions: 16->16
[2023-09-19T09:12:40.321-0300][gc,heap     ] GC(8) Archive regions: 2->2
[2023-09-19T09:12:40.321-0300][gc,heap     ] GC(8) Humongous regions: 129->129
[2023-09-19T09:12:40.321-0300][gc,metaspace] GC(8) Metaspace: 41442K(42048K)->41442K(42048K) NonClass: 36506K(36864K)->36506K(36864K) Class: 4935K(5184K)->4935K(5184K)
[2023-09-19T09:12:40.321-0300][gc          ] GC(8) Pause Young (Normal) (G1 Evacuation Pause) 196M->150M(1024M) 6,061ms
[2023-09-19T09:12:40.321-0300][gc,cpu      ] GC(8) User=0,03s Sys=0,01s Real=0,00s
[2023-09-19T09:36:05.804-0300][gc,start    ] GC(9) Pause Young (Normal) (G1 Evacuation Pause)
[2023-09-19T09:36:05.804-0300][gc,task     ] GC(9) Using 8 workers of 8 for evacuation
[2023-09-19T09:36:05.807-0300][gc,phases   ] GC(9)   Pre Evacuate Collection Set: 0,1ms
[2023-09-19T09:36:05.807-0300][gc,phases   ] GC(9)   Merge Heap Roots: 0,0ms
[2023-09-19T09:36:05.807-0300][gc,phases   ] GC(9)   Evacuate Collection Set: 2,5ms
[2023-09-19T09:36:05.807-0300][gc,phases   ] GC(9)   Post Evacuate Collection Set: 0,3ms
[2023-09-19T09:36:05.807-0300][gc,phases   ] GC(9)   Other: 0,1ms
[2023-09-19T09:36:05.807-0300][gc,heap     ] GC(9) Eden regions: 45->0(71)
[2023-09-19T09:36:05.807-0300][gc,heap     ] GC(9) Survivor regions: 6->3(7)
[2023-09-19T09:36:05.807-0300][gc,heap     ] GC(9) Old regions: 16->20
[2023-09-19T09:36:05.807-0300][gc,heap     ] GC(9) Archive regions: 2->2
[2023-09-19T09:36:05.807-0300][gc,heap     ] GC(9) Humongous regions: 129->129
[2023-09-19T09:36:05.807-0300][gc,metaspace] GC(9) Metaspace: 41928K(42560K)->41928K(42560K) NonClass: 36916K(37312K)->36916K(37312K) Class: 5012K(5248K)->5012K(5248K)
[2023-09-19T09:36:05.807-0300][gc          ] GC(9) Pause Young (Normal) (G1 Evacuation Pause) 195M->151M(1024M) 3,107ms
[2023-09-19T09:36:05.807-0300][gc,cpu      ] GC(9) User=0,02s Sys=0,00s Real=0,00s
[2023-09-19T09:56:41.523-0300][gc,start    ] GC(10) Pause Young (Normal) (G1 Evacuation Pause)
[2023-09-19T09:56:41.523-0300][gc,task     ] GC(10) Using 8 workers of 8 for evacuation
[2023-09-19T09:56:41.533-0300][gc,phases   ] GC(10)   Pre Evacuate Collection Set: 0,3ms
[2023-09-19T09:56:41.533-0300][gc,phases   ] GC(10)   Merge Heap Roots: 0,1ms
[2023-09-19T09:56:41.533-0300][gc,phases   ] GC(10)   Evacuate Collection Set: 8,7ms
[2023-09-19T09:56:41.533-0300][gc,phases   ] GC(10)   Post Evacuate Collection Set: 0,9ms
[2023-09-19T09:56:41.533-0300][gc,phases   ] GC(10)   Other: 0,2ms
[2023-09-19T09:56:41.533-0300][gc,heap     ] GC(10) Eden regions: 68->0(45)
[2023-09-19T09:56:41.533-0300][gc,heap     ] GC(10) Survivor regions: 3->7(9)
[2023-09-19T09:56:41.533-0300][gc,heap     ] GC(10) Old regions: 20->20
[2023-09-19T09:56:41.533-0300][gc,heap     ] GC(10) Archive regions: 2->2
[2023-09-19T09:56:41.533-0300][gc,heap     ] GC(10) Humongous regions: 129->129
[2023-09-19T09:56:41.533-0300][gc,metaspace] GC(10) Metaspace: 42053K(42624K)->42053K(42624K) NonClass: 37034K(37376K)->37034K(37376K) Class: 5018K(5248K)->5018K(5248K)
[2023-09-19T09:56:41.533-0300][gc          ] GC(10) Pause Young (Normal) (G1 Evacuation Pause) 219M->156M(1024M) 10,395ms
[2023-09-19T09:56:41.533-0300][gc,cpu      ] GC(10) User=0,04s Sys=0,00s Real=0,01s
[2023-09-19T10:05:46.680-0300][gc,start    ] GC(11) Pause Young (Normal) (G1 Evacuation Pause)
[2023-09-19T10:05:46.680-0300][gc,task     ] GC(11) Using 8 workers of 8 for evacuation
[2023-09-19T10:05:46.686-0300][gc,phases   ] GC(11)   Pre Evacuate Collection Set: 0,1ms
[2023-09-19T10:05:46.686-0300][gc,phases   ] GC(11)   Merge Heap Roots: 0,0ms
[2023-09-19T10:05:46.686-0300][gc,phases   ] GC(11)   Evacuate Collection Set: 4,6ms
[2023-09-19T10:05:46.686-0300][gc,phases   ] GC(11)   Post Evacuate Collection Set: 0,3ms
[2023-09-19T10:05:46.686-0300][gc,phases   ] GC(11)   Other: 0,1ms
[2023-09-19T10:05:46.686-0300][gc,heap     ] GC(11) Eden regions: 44->0(111)
[2023-09-19T10:05:46.686-0300][gc,heap     ] GC(11) Survivor regions: 7->3(7)
[2023-09-19T10:05:46.686-0300][gc,heap     ] GC(11) Old regions: 20->25
[2023-09-19T10:05:46.686-0300][gc,heap     ] GC(11) Archive regions: 2->2
[2023-09-19T10:05:46.686-0300][gc,heap     ] GC(11) Humongous regions: 129->129
[2023-09-19T10:05:46.686-0300][gc,metaspace] GC(11) Metaspace: 42134K(42688K)->42134K(42688K) NonClass: 37113K(37440K)->37113K(37440K) Class: 5020K(5248K)->5020K(5248K)
[2023-09-19T10:05:46.686-0300][gc          ] GC(11) Pause Young (Normal) (G1 Evacuation Pause) 200M->156M(1024M) 5,359ms
[2023-09-19T10:05:46.686-0300][gc,cpu      ] GC(11) User=0,03s Sys=0,00s Real=0,01s
[2023-09-19T10:28:10.209-0300][gc,start    ] GC(12) Pause Young (Normal) (G1 Evacuation Pause)
[2023-09-19T10:28:10.209-0300][gc,task     ] GC(12) Using 8 workers of 8 for evacuation
[2023-09-19T10:28:10.215-0300][gc,phases   ] GC(12)   Pre Evacuate Collection Set: 0,1ms
[2023-09-19T10:28:10.215-0300][gc,phases   ] GC(12)   Merge Heap Roots: 0,1ms
[2023-09-19T10:28:10.215-0300][gc,phases   ] GC(12)   Evacuate Collection Set: 4,8ms
[2023-09-19T10:28:10.215-0300][gc,phases   ] GC(12)   Post Evacuate Collection Set: 0,3ms
[2023-09-19T10:28:10.215-0300][gc,phases   ] GC(12)   Other: 0,1ms
[2023-09-19T10:28:10.215-0300][gc,heap     ] GC(12) Eden regions: 111->0(106)
[2023-09-19T10:28:10.215-0300][gc,heap     ] GC(12) Survivor regions: 3->7(15)
[2023-09-19T10:28:10.215-0300][gc,heap     ] GC(12) Old regions: 25->25
[2023-09-19T10:28:10.215-0300][gc,heap     ] GC(12) Archive regions: 2->2
[2023-09-19T10:28:10.215-0300][gc,heap     ] GC(12) Humongous regions: 129->129
[2023-09-19T10:28:10.215-0300][gc,metaspace] GC(12) Metaspace: 42167K(42752K)->42167K(42752K) NonClass: 37147K(37504K)->37147K(37504K) Class: 5020K(5248K)->5020K(5248K)
[2023-09-19T10:28:10.215-0300][gc          ] GC(12) Pause Young (Normal) (G1 Evacuation Pause) 267M->161M(1024M) 5,452ms
[2023-09-19T10:28:10.215-0300][gc,cpu      ] GC(12) User=0,03s Sys=0,00s Real=0,01s
[2023-09-19T10:49:03.897-0300][gc,start    ] GC(13) Pause Young (Normal) (G1 Evacuation Pause)
[2023-09-19T10:49:03.898-0300][gc,task     ] GC(13) Using 8 workers of 8 for evacuation
[2023-09-19T10:49:03.905-0300][gc,phases   ] GC(13)   Pre Evacuate Collection Set: 0,2ms
[2023-09-19T10:49:03.905-0300][gc,phases   ] GC(13)   Merge Heap Roots: 0,1ms
[2023-09-19T10:49:03.905-0300][gc,phases   ] GC(13)   Evacuate Collection Set: 7,0ms
[2023-09-19T10:49:03.905-0300][gc,phases   ] GC(13)   Post Evacuate Collection Set: 0,3ms
[2023-09-19T10:49:03.905-0300][gc,phases   ] GC(13)   Other: 0,6ms
[2023-09-19T10:49:03.905-0300][gc,heap     ] GC(13) Eden regions: 106->0(129)
[2023-09-19T10:49:03.905-0300][gc,heap     ] GC(13) Survivor regions: 7->13(15)
[2023-09-19T10:49:03.905-0300][gc,heap     ] GC(13) Old regions: 25->25
[2023-09-19T10:49:03.905-0300][gc,heap     ] GC(13) Archive regions: 2->2
[2023-09-19T10:49:03.905-0300][gc,heap     ] GC(13) Humongous regions: 129->129
[2023-09-19T10:49:03.905-0300][gc,metaspace] GC(13) Metaspace: 42183K(42752K)->42183K(42752K) NonClass: 37162K(37504K)->37162K(37504K) Class: 5020K(5248K)->5020K(5248K)
[2023-09-19T10:49:03.905-0300][gc          ] GC(13) Pause Young (Normal) (G1 Evacuation Pause) 267M->166M(1024M) 8,172ms
[2023-09-19T10:49:03.905-0300][gc,cpu      ] GC(13) User=0,05s Sys=0,00s Real=0,01s
[2023-09-19T11:15:17.694-0300][gc,start    ] GC(14) Pause Young (Normal) (G1 Evacuation Pause)
[2023-09-19T11:15:17.694-0300][gc,task     ] GC(14) Using 8 workers of 8 for evacuation
[2023-09-19T11:15:17.700-0300][gc,phases   ] GC(14)   Pre Evacuate Collection Set: 0,2ms
[2023-09-19T11:15:17.700-0300][gc,phases   ] GC(14)   Merge Heap Roots: 0,0ms
[2023-09-19T11:15:17.700-0300][gc,phases   ] GC(14)   Evacuate Collection Set: 5,0ms
[2023-09-19T11:15:17.700-0300][gc,phases   ] GC(14)   Post Evacuate Collection Set: 0,3ms
[2023-09-19T11:15:17.700-0300][gc,phases   ] GC(14)   Other: 0,2ms
[2023-09-19T11:15:17.700-0300][gc,heap     ] GC(14) Eden regions: 129->0(607)
[2023-09-19T11:15:17.700-0300][gc,heap     ] GC(14) Survivor regions: 13->7(18)
[2023-09-19T11:15:17.700-0300][gc,heap     ] GC(14) Old regions: 25->29
[2023-09-19T11:15:17.700-0300][gc,heap     ] GC(14) Archive regions: 2->2
[2023-09-19T11:15:17.700-0300][gc,heap     ] GC(14) Humongous regions: 129->129
[2023-09-19T11:15:17.700-0300][gc,metaspace] GC(14) Metaspace: 42202K(42816K)->42202K(42816K) NonClass: 37181K(37568K)->37181K(37568K) Class: 5020K(5248K)->5020K(5248K)
[2023-09-19T11:15:17.700-0300][gc          ] GC(14) Pause Young (Normal) (G1 Evacuation Pause) 295M->165M(1024M) 5,793ms
[2023-09-19T11:15:17.700-0300][gc,cpu      ] GC(14) User=0,04s Sys=0,00s Real=0,00s
[2023-09-19T12:45:48.269-0300][gc,start    ] GC(15) Pause Young (Normal) (G1 Evacuation Pause)
[2023-09-19T12:45:48.269-0300][gc,task     ] GC(15) Using 8 workers of 8 for evacuation
[2023-09-19T12:45:48.274-0300][gc,phases   ] GC(15)   Pre Evacuate Collection Set: 0,1ms
[2023-09-19T12:45:48.274-0300][gc,phases   ] GC(15)   Merge Heap Roots: 0,1ms
[2023-09-19T12:45:48.274-0300][gc,phases   ] GC(15)   Evacuate Collection Set: 3,2ms
[2023-09-19T12:45:48.274-0300][gc,phases   ] GC(15)   Post Evacuate Collection Set: 0,7ms
[2023-09-19T12:45:48.274-0300][gc,phases   ] GC(15)   Other: 0,2ms
[2023-09-19T12:45:48.274-0300][gc,heap     ] GC(15) Eden regions: 607->0(607)
[2023-09-19T12:45:48.274-0300][gc,heap     ] GC(15) Survivor regions: 7->7(77)
[2023-09-19T12:45:48.274-0300][gc,heap     ] GC(15) Old regions: 29->29
[2023-09-19T12:45:48.274-0300][gc,heap     ] GC(15) Archive regions: 2->2
[2023-09-19T12:45:48.274-0300][gc,heap     ] GC(15) Humongous regions: 129->129
[2023-09-19T12:45:48.274-0300][gc,metaspace] GC(15) Metaspace: 42278K(42816K)->42278K(42816K) NonClass: 37256K(37568K)->37256K(37568K) Class: 5021K(5248K)->5021K(5248K)
[2023-09-19T12:45:48.274-0300][gc          ] GC(15) Pause Young (Normal) (G1 Evacuation Pause) 772M->165M(1024M) 4,321ms
[2023-09-19T12:45:48.274-0300][gc,cpu      ] GC(15) User=0,02s Sys=0,01s Real=0,01s
[2023-09-19T14:15:26.577-0300][gc,start    ] GC(16) Pause Young (Normal) (G1 Evacuation Pause)
[2023-09-19T14:15:26.579-0300][gc,task     ] GC(16) Using 8 workers of 8 for evacuation
[2023-09-19T14:15:26.595-0300][gc,phases   ] GC(16)   Pre Evacuate Collection Set: 0,1ms
[2023-09-19T14:15:26.595-0300][gc,phases   ] GC(16)   Merge Heap Roots: 0,2ms
[2023-09-19T14:15:26.595-0300][gc,phases   ] GC(16)   Evacuate Collection Set: 5,1ms
[2023-09-19T14:15:26.595-0300][gc,phases   ] GC(16)   Post Evacuate Collection Set: 10,5ms
[2023-09-19T14:15:26.595-0300][gc,phases   ] GC(16)   Other: 1,9ms
[2023-09-19T14:15:26.595-0300][gc,heap     ] GC(16) Eden regions: 607->0(606)
[2023-09-19T14:15:26.595-0300][gc,heap     ] GC(16) Survivor regions: 7->8(77)
[2023-09-19T14:15:26.595-0300][gc,heap     ] GC(16) Old regions: 29->29
[2023-09-19T14:15:26.595-0300][gc,heap     ] GC(16) Archive regions: 2->2
[2023-09-19T14:15:26.595-0300][gc,heap     ] GC(16) Humongous regions: 129->129
[2023-09-19T14:15:26.595-0300][gc,metaspace] GC(16) Metaspace: 42308K(42880K)->42308K(42880K) NonClass: 37286K(37632K)->37286K(37632K) Class: 5021K(5248K)->5021K(5248K)
[2023-09-19T14:15:26.595-0300][gc          ] GC(16) Pause Young (Normal) (G1 Evacuation Pause) 772M->165M(1024M) 17,811ms
[2023-09-19T14:15:26.595-0300][gc,cpu      ] GC(16) User=0,03s Sys=0,00s Real=0,02s
[2023-09-19T15:45:07.694-0300][gc,start    ] GC(17) Pause Young (Normal) (G1 Evacuation Pause)
[2023-09-19T15:45:07.694-0300][gc,task     ] GC(17) Using 8 workers of 8 for evacuation
[2023-09-19T15:45:07.699-0300][gc,phases   ] GC(17)   Pre Evacuate Collection Set: 0,1ms
[2023-09-19T15:45:07.699-0300][gc,phases   ] GC(17)   Merge Heap Roots: 0,3ms
[2023-09-19T15:45:07.699-0300][gc,phases   ] GC(17)   Evacuate Collection Set: 3,5ms
[2023-09-19T15:45:07.699-0300][gc,phases   ] GC(17)   Post Evacuate Collection Set: 1,1ms
[2023-09-19T15:45:07.699-0300][gc,phases   ] GC(17)   Other: 0,6ms
[2023-09-19T15:45:07.699-0300][gc,heap     ] GC(17) Eden regions: 606->0(606)
[2023-09-19T15:45:07.699-0300][gc,heap     ] GC(17) Survivor regions: 8->8(77)
[2023-09-19T15:45:07.699-0300][gc,heap     ] GC(17) Old regions: 29->29
[2023-09-19T15:45:07.699-0300][gc,heap     ] GC(17) Archive regions: 2->2
[2023-09-19T15:45:07.699-0300][gc,heap     ] GC(17) Humongous regions: 129->129
[2023-09-19T15:45:07.699-0300][gc,metaspace] GC(17) Metaspace: 42397K(43008K)->42397K(43008K) NonClass: 37375K(37760K)->37375K(37760K) Class: 5021K(5248K)->5021K(5248K)
[2023-09-19T15:45:07.700-0300][gc          ] GC(17) Pause Young (Normal) (G1 Evacuation Pause) 771M->166M(1024M) 5,685ms
[2023-09-19T15:45:07.700-0300][gc,cpu      ] GC(17) User=0,03s Sys=0,00s Real=0,00s
[2023-09-19T17:14:22.694-0300][gc,start    ] GC(18) Pause Young (Normal) (G1 Evacuation Pause)
[2023-09-19T17:14:22.696-0300][gc,task     ] GC(18) Using 8 workers of 8 for evacuation
[2023-09-19T17:14:22.702-0300][gc,phases   ] GC(18)   Pre Evacuate Collection Set: 0,1ms
[2023-09-19T17:14:22.702-0300][gc,phases   ] GC(18)   Merge Heap Roots: 0,1ms
[2023-09-19T17:14:22.702-0300][gc,phases   ] GC(18)   Evacuate Collection Set: 4,1ms
[2023-09-19T17:14:22.702-0300][gc,phases   ] GC(18)   Post Evacuate Collection Set: 1,2ms
[2023-09-19T17:14:22.702-0300][gc,phases   ] GC(18)   Other: 1,9ms
[2023-09-19T17:14:22.702-0300][gc,heap     ] GC(18) Eden regions: 606->0(605)
[2023-09-19T17:14:22.702-0300][gc,heap     ] GC(18) Survivor regions: 8->9(77)
[2023-09-19T17:14:22.702-0300][gc,heap     ] GC(18) Old regions: 29->29
[2023-09-19T17:14:22.702-0300][gc,heap     ] GC(18) Archive regions: 2->2
[2023-09-19T17:14:22.702-0300][gc,heap     ] GC(18) Humongous regions: 129->129
[2023-09-19T17:14:22.702-0300][gc,metaspace] GC(18) Metaspace: 42426K(43008K)->42426K(43008K) NonClass: 37404K(37760K)->37404K(37760K) Class: 5021K(5248K)->5021K(5248K)
[2023-09-19T17:14:22.702-0300][gc          ] GC(18) Pause Young (Normal) (G1 Evacuation Pause) 772M->166M(1024M) 7,600ms
[2023-09-19T17:14:22.702-0300][gc,cpu      ] GC(18) User=0,03s Sys=0,00s Real=0,00s
[2023-09-19T18:53:07.695-0300][gc,start    ] GC(19) Pause Young (Normal) (G1 Evacuation Pause)
[2023-09-19T18:53:07.695-0300][gc,task     ] GC(19) Using 8 workers of 8 for evacuation
[2023-09-19T18:53:07.728-0300][gc,mmu      ] GC(19) MMU target violated: 21,0ms (20,0ms/21,0ms)
[2023-09-19T18:53:07.728-0300][gc,phases   ] GC(19)   Pre Evacuate Collection Set: 0,5ms
[2023-09-19T18:53:07.728-0300][gc,phases   ] GC(19)   Merge Heap Roots: 0,7ms
[2023-09-19T18:53:07.728-0300][gc,phases   ] GC(19)   Evacuate Collection Set: 28,0ms
[2023-09-19T18:53:07.728-0300][gc,phases   ] GC(19)   Post Evacuate Collection Set: 2,9ms
[2023-09-19T18:53:07.728-0300][gc,phases   ] GC(19)   Other: 0,9ms
[2023-09-19T18:53:07.728-0300][gc,heap     ] GC(19) Eden regions: 605->0(62)
[2023-09-19T18:53:07.728-0300][gc,heap     ] GC(19) Survivor regions: 9->8(77)
[2023-09-19T18:53:07.728-0300][gc,heap     ] GC(19) Old regions: 29->29
[2023-09-19T18:53:07.728-0300][gc,heap     ] GC(19) Archive regions: 2->2
[2023-09-19T18:53:07.728-0300][gc,heap     ] GC(19) Humongous regions: 129->129
[2023-09-19T18:53:07.728-0300][gc,metaspace] GC(19) Metaspace: 42451K(43072K)->42451K(43072K) NonClass: 37429K(37824K)->37429K(37824K) Class: 5021K(5248K)->5021K(5248K)
[2023-09-19T18:53:07.728-0300][gc          ] GC(19) Pause Young (Normal) (G1 Evacuation Pause) 771M->165M(1024M) 33,370ms
[2023-09-19T18:53:07.729-0300][gc,cpu      ] GC(19) User=0,21s Sys=0,00s Real=0,03s
[2023-09-19T19:05:42.925-0300][gc,start    ] GC(20) Pause Young (Normal) (G1 Evacuation Pause)
[2023-09-19T19:05:42.925-0300][gc,task     ] GC(20) Using 8 workers of 8 for evacuation
[2023-09-19T19:05:43.067-0300][gc,mmu      ] GC(20) MMU target violated: 21,0ms (20,0ms/21,0ms)
[2023-09-19T19:05:43.068-0300][gc,phases   ] GC(20)   Pre Evacuate Collection Set: 0,5ms
[2023-09-19T19:05:43.068-0300][gc,phases   ] GC(20)   Merge Heap Roots: 0,4ms
[2023-09-19T19:05:43.068-0300][gc,phases   ] GC(20)   Evacuate Collection Set: 131,5ms
[2023-09-19T19:05:43.068-0300][gc,phases   ] GC(20)   Post Evacuate Collection Set: 8,3ms
[2023-09-19T19:05:43.068-0300][gc,phases   ] GC(20)   Other: 2,6ms
[2023-09-19T19:05:43.068-0300][gc,heap     ] GC(20) Eden regions: 62->0(47)
[2023-09-19T19:05:43.068-0300][gc,heap     ] GC(20) Survivor regions: 8->4(9)
[2023-09-19T19:05:43.068-0300][gc,heap     ] GC(20) Old regions: 29->33
[2023-09-19T19:05:43.068-0300][gc,heap     ] GC(20) Archive regions: 2->2
[2023-09-19T19:05:43.068-0300][gc,heap     ] GC(20) Humongous regions: 129->129
[2023-09-19T19:05:43.068-0300][gc,metaspace] GC(20) Metaspace: 42451K(43072K)->42451K(43072K) NonClass: 37429K(37824K)->37429K(37824K) Class: 5021K(5248K)->5021K(5248K)
[2023-09-19T19:05:43.068-0300][gc          ] GC(20) Pause Young (Normal) (G1 Evacuation Pause) 227M->166M(1024M) 143,649ms
[2023-09-19T19:05:43.068-0300][gc,cpu      ] GC(20) User=0,18s Sys=0,08s Real=0,14s
[2023-09-19T19:15:21.034-0300][gc,start    ] GC(21) Pause Young (Normal) (G1 Evacuation Pause)
[2023-09-19T19:15:21.035-0300][gc,task     ] GC(21) Using 8 workers of 8 for evacuation
[2023-09-19T19:15:21.053-0300][gc,phases   ] GC(21)   Pre Evacuate Collection Set: 1,0ms
[2023-09-19T19:15:21.053-0300][gc,phases   ] GC(21)   Merge Heap Roots: 0,3ms
[2023-09-19T19:15:21.053-0300][gc,phases   ] GC(21)   Evacuate Collection Set: 15,3ms
[2023-09-19T19:15:21.053-0300][gc,phases   ] GC(21)   Post Evacuate Collection Set: 1,6ms
[2023-09-19T19:15:21.053-0300][gc,phases   ] GC(21)   Other: 0,7ms
[2023-09-19T19:15:21.053-0300][gc,heap     ] GC(21) Eden regions: 47->0(47)
[2023-09-19T19:15:21.054-0300][gc,heap     ] GC(21) Survivor regions: 4->4(7)
[2023-09-19T19:15:21.054-0300][gc,heap     ] GC(21) Old regions: 33->33
[2023-09-19T19:15:21.054-0300][gc,heap     ] GC(21) Archive regions: 2->2
[2023-09-19T19:15:21.054-0300][gc,heap     ] GC(21) Humongous regions: 129->129
[2023-09-19T19:15:21.054-0300][gc,metaspace] GC(21) Metaspace: 42452K(43072K)->42452K(43072K) NonClass: 37430K(37824K)->37430K(37824K) Class: 5021K(5248K)->5021K(5248K)
[2023-09-19T19:15:21.054-0300][gc          ] GC(21) Pause Young (Normal) (G1 Evacuation Pause) 213M->166M(1024M) 19,286ms
[2023-09-19T19:15:21.054-0300][gc,cpu      ] GC(21) User=0,11s Sys=0,01s Real=0,02s
[2023-09-19T19:24:55.927-0300][gc,start    ] GC(22) Pause Young (Normal) (G1 Evacuation Pause)
[2023-09-19T19:24:55.928-0300][gc,task     ] GC(22) Using 8 workers of 8 for evacuation
[2023-09-19T19:24:55.945-0300][gc,phases   ] GC(22)   Pre Evacuate Collection Set: 0,8ms
[2023-09-19T19:24:55.946-0300][gc,phases   ] GC(22)   Merge Heap Roots: 0,3ms
[2023-09-19T19:24:55.946-0300][gc,phases   ] GC(22)   Evacuate Collection Set: 14,9ms
[2023-09-19T19:24:55.946-0300][gc,phases   ] GC(22)   Post Evacuate Collection Set: 1,5ms
[2023-09-19T19:24:55.946-0300][gc,phases   ] GC(22)   Other: 0,6ms
[2023-09-19T19:24:55.946-0300][gc,heap     ] GC(22) Eden regions: 47->0(46)
[2023-09-19T19:24:55.946-0300][gc,heap     ] GC(22) Survivor regions: 4->5(7)
[2023-09-19T19:24:55.946-0300][gc,heap     ] GC(22) Old regions: 33->33
[2023-09-19T19:24:55.946-0300][gc,heap     ] GC(22) Archive regions: 2->2
[2023-09-19T19:24:55.946-0300][gc,heap     ] GC(22) Humongous regions: 129->129
[2023-09-19T19:24:55.946-0300][gc,metaspace] GC(22) Metaspace: 42458K(43072K)->42458K(43072K) NonClass: 37436K(37824K)->37436K(37824K) Class: 5021K(5248K)->5021K(5248K)
[2023-09-19T19:24:55.946-0300][gc          ] GC(22) Pause Young (Normal) (G1 Evacuation Pause) 213M->166M(1024M) 18,574ms
[2023-09-19T19:24:55.946-0300][gc,cpu      ] GC(22) User=0,13s Sys=0,00s Real=0,02s
[2023-09-19T19:34:13.043-0300][gc,start    ] GC(23) Pause Young (Normal) (G1 Evacuation Pause)
[2023-09-19T19:34:13.044-0300][gc,task     ] GC(23) Using 8 workers of 8 for evacuation
[2023-09-19T19:34:13.077-0300][gc,mmu      ] GC(23) MMU target violated: 21,0ms (20,0ms/21,0ms)
[2023-09-19T19:34:13.077-0300][gc,phases   ] GC(23)   Pre Evacuate Collection Set: 0,5ms
[2023-09-19T19:34:13.077-0300][gc,phases   ] GC(23)   Merge Heap Roots: 0,3ms
[2023-09-19T19:34:13.077-0300][gc,phases   ] GC(23)   Evacuate Collection Set: 30,3ms
[2023-09-19T19:34:13.077-0300][gc,phases   ] GC(23)   Post Evacuate Collection Set: 2,1ms
[2023-09-19T19:34:13.077-0300][gc,phases   ] GC(23)   Other: 0,7ms
[2023-09-19T19:34:13.077-0300][gc,heap     ] GC(23) Eden regions: 46->0(48)
[2023-09-19T19:34:13.077-0300][gc,heap     ] GC(23) Survivor regions: 5->3(7)
[2023-09-19T19:34:13.077-0300][gc,heap     ] GC(23) Old regions: 33->34
[2023-09-19T19:34:13.077-0300][gc,heap     ] GC(23) Archive regions: 2->2
[2023-09-19T19:34:13.077-0300][gc,heap     ] GC(23) Humongous regions: 129->129
[2023-09-19T19:34:13.077-0300][gc,metaspace] GC(23) Metaspace: 42459K(43072K)->42459K(43072K) NonClass: 37437K(37824K)->37437K(37824K) Class: 5021K(5248K)->5021K(5248K)
[2023-09-19T19:34:13.078-0300][gc          ] GC(23) Pause Young (Normal) (G1 Evacuation Pause) 212M->165M(1024M) 34,260ms
[2023-09-19T19:34:13.078-0300][gc,cpu      ] GC(23) User=0,10s Sys=0,02s Real=0,03s
[2023-09-19T19:44:01.676-0300][gc,start    ] GC(24) Pause Young (Normal) (G1 Evacuation Pause)
[2023-09-19T19:44:01.676-0300][gc,task     ] GC(24) Using 8 workers of 8 for evacuation
[2023-09-19T19:44:01.690-0300][gc,phases   ] GC(24)   Pre Evacuate Collection Set: 0,5ms
[2023-09-19T19:44:01.690-0300][gc,phases   ] GC(24)   Merge Heap Roots: 0,3ms
[2023-09-19T19:44:01.690-0300][gc,phases   ] GC(24)   Evacuate Collection Set: 11,0ms
[2023-09-19T19:44:01.690-0300][gc,phases   ] GC(24)   Post Evacuate Collection Set: 1,6ms
[2023-09-19T19:44:01.690-0300][gc,phases   ] GC(24)   Other: 0,5ms
[2023-09-19T19:44:01.690-0300][gc,heap     ] GC(24) Eden regions: 48->0(47)
[2023-09-19T19:44:01.690-0300][gc,heap     ] GC(24) Survivor regions: 3->4(7)
[2023-09-19T19:44:01.690-0300][gc,heap     ] GC(24) Old regions: 34->34
[2023-09-19T19:44:01.690-0300][gc,heap     ] GC(24) Archive regions: 2->2
[2023-09-19T19:44:01.690-0300][gc,heap     ] GC(24) Humongous regions: 129->129
[2023-09-19T19:44:01.690-0300][gc,metaspace] GC(24) Metaspace: 42459K(43072K)->42459K(43072K) NonClass: 37437K(37824K)->37437K(37824K) Class: 5021K(5248K)->5021K(5248K)
[2023-09-19T19:44:01.691-0300][gc          ] GC(24) Pause Young (Normal) (G1 Evacuation Pause) 213M->166M(1024M) 14,579ms
[2023-09-19T19:44:01.691-0300][gc,cpu      ] GC(24) User=0,09s Sys=0,00s Real=0,02s
[2023-09-19T19:52:59.192-0300][gc,start    ] GC(25) Pause Young (Normal) (G1 Evacuation Pause)
[2023-09-19T19:52:59.192-0300][gc,task     ] GC(25) Using 8 workers of 8 for evacuation
[2023-09-19T19:52:59.207-0300][gc,phases   ] GC(25)   Pre Evacuate Collection Set: 0,5ms
[2023-09-19T19:52:59.207-0300][gc,phases   ] GC(25)   Merge Heap Roots: 0,3ms
[2023-09-19T19:52:59.207-0300][gc,phases   ] GC(25)   Evacuate Collection Set: 11,8ms
[2023-09-19T19:52:59.207-0300][gc,phases   ] GC(25)   Post Evacuate Collection Set: 2,0ms
[2023-09-19T19:52:59.207-0300][gc,phases   ] GC(25)   Other: 0,5ms
[2023-09-19T19:52:59.208-0300][gc,heap     ] GC(25) Eden regions: 47->0(47)
[2023-09-19T19:52:59.208-0300][gc,heap     ] GC(25) Survivor regions: 4->4(7)
[2023-09-19T19:52:59.208-0300][gc,heap     ] GC(25) Old regions: 34->34
[2023-09-19T19:52:59.208-0300][gc,heap     ] GC(25) Archive regions: 2->2
[2023-09-19T19:52:59.208-0300][gc,heap     ] GC(25) Humongous regions: 129->129
[2023-09-19T19:52:59.208-0300][gc,metaspace] GC(25) Metaspace: 42459K(43072K)->42459K(43072K) NonClass: 37437K(37824K)->37437K(37824K) Class: 5021K(5248K)->5021K(5248K)
[2023-09-19T19:52:59.208-0300][gc          ] GC(25) Pause Young (Normal) (G1 Evacuation Pause) 213M->166M(1024M) 15,644ms
[2023-09-19T19:52:59.208-0300][gc,cpu      ] GC(25) User=0,10s Sys=0,00s Real=0,01s
[2023-09-19T20:02:33.248-0300][gc,start    ] GC(26) Pause Young (Normal) (G1 Evacuation Pause)
[2023-09-19T20:02:33.248-0300][gc,task     ] GC(26) Using 8 workers of 8 for evacuation
[2023-09-19T20:02:33.266-0300][gc,phases   ] GC(26)   Pre Evacuate Collection Set: 0,7ms
[2023-09-19T20:02:33.266-0300][gc,phases   ] GC(26)   Merge Heap Roots: 0,3ms
[2023-09-19T20:02:33.266-0300][gc,phases   ] GC(26)   Evacuate Collection Set: 14,4ms
[2023-09-19T20:02:33.266-0300][gc,phases   ] GC(26)   Post Evacuate Collection Set: 1,7ms
[2023-09-19T20:02:33.266-0300][gc,phases   ] GC(26)   Other: 0,7ms
[2023-09-19T20:02:33.266-0300][gc,heap     ] GC(26) Eden regions: 47->0(47)
[2023-09-19T20:02:33.266-0300][gc,heap     ] GC(26) Survivor regions: 4->4(7)
[2023-09-19T20:02:33.266-0300][gc,heap     ] GC(26) Old regions: 34->34
[2023-09-19T20:02:33.266-0300][gc,heap     ] GC(26) Archive regions: 2->2
[2023-09-19T20:02:33.266-0300][gc,heap     ] GC(26) Humongous regions: 129->129
[2023-09-19T20:02:33.266-0300][gc,metaspace] GC(26) Metaspace: 42464K(43072K)->42464K(43072K) NonClass: 37443K(37824K)->37443K(37824K) Class: 5021K(5248K)->5021K(5248K)
[2023-09-19T20:02:33.266-0300][gc          ] GC(26) Pause Young (Normal) (G1 Evacuation Pause) 213M->166M(1024M) 18,236ms
[2023-09-19T20:02:33.266-0300][gc,cpu      ] GC(26) User=0,09s Sys=0,00s Real=0,02s
[2023-09-19T20:12:07.780-0300][gc,start    ] GC(27) Pause Young (Normal) (G1 Evacuation Pause)
[2023-09-19T20:12:07.781-0300][gc,task     ] GC(27) Using 8 workers of 8 for evacuation
[2023-09-19T20:12:07.792-0300][gc,phases   ] GC(27)   Pre Evacuate Collection Set: 0,7ms
[2023-09-19T20:12:07.793-0300][gc,phases   ] GC(27)   Merge Heap Roots: 0,3ms
[2023-09-19T20:12:07.793-0300][gc,phases   ] GC(27)   Evacuate Collection Set: 9,2ms
[2023-09-19T20:12:07.793-0300][gc,phases   ] GC(27)   Post Evacuate Collection Set: 1,5ms
[2023-09-19T20:12:07.793-0300][gc,phases   ] GC(27)   Other: 0,5ms
[2023-09-19T20:12:07.793-0300][gc,heap     ] GC(27) Eden regions: 47->0(59)
[2023-09-19T20:12:07.793-0300][gc,heap     ] GC(27) Survivor regions: 4->3(7)
[2023-09-19T20:12:07.793-0300][gc,heap     ] GC(27) Old regions: 34->34
[2023-09-19T20:12:07.793-0300][gc,heap     ] GC(27) Archive regions: 2->2
[2023-09-19T20:12:07.793-0300][gc,heap     ] GC(27) Humongous regions: 129->129
[2023-09-19T20:12:07.793-0300][gc,metaspace] GC(27) Metaspace: 42468K(43072K)->42468K(43072K) NonClass: 37446K(37824K)->37446K(37824K) Class: 5021K(5248K)->5021K(5248K)
[2023-09-19T20:12:07.793-0300][gc          ] GC(27) Pause Young (Normal) (G1 Evacuation Pause) 213M->165M(1024M) 12,574ms
[2023-09-19T20:12:07.793-0300][gc,cpu      ] GC(27) User=0,08s Sys=0,00s Real=0,02s
[2023-09-19T20:24:09.591-0300][gc,start    ] GC(28) Pause Young (Normal) (G1 Evacuation Pause)
[2023-09-19T20:24:09.591-0300][gc,task     ] GC(28) Using 8 workers of 8 for evacuation
[2023-09-19T20:24:09.605-0300][gc,phases   ] GC(28)   Pre Evacuate Collection Set: 0,6ms
[2023-09-19T20:24:09.606-0300][gc,phases   ] GC(28)   Merge Heap Roots: 0,3ms
[2023-09-19T20:24:09.606-0300][gc,phases   ] GC(28)   Evacuate Collection Set: 11,7ms
[2023-09-19T20:24:09.606-0300][gc,phases   ] GC(28)   Post Evacuate Collection Set: 1,6ms
[2023-09-19T20:24:09.606-0300][gc,phases   ] GC(28)   Other: 0,5ms
[2023-09-19T20:24:09.606-0300][gc,heap     ] GC(28) Eden regions: 59->0(92)
[2023-09-19T20:24:09.606-0300][gc,heap     ] GC(28) Survivor regions: 3->3(8)
[2023-09-19T20:24:09.606-0300][gc,heap     ] GC(28) Old regions: 34->34
[2023-09-19T20:24:09.606-0300][gc,heap     ] GC(28) Archive regions: 2->2
[2023-09-19T20:24:09.606-0300][gc,heap     ] GC(28) Humongous regions: 129->129
[2023-09-19T20:24:09.606-0300][gc,metaspace] GC(28) Metaspace: 42470K(43072K)->42470K(43072K) NonClass: 37448K(37824K)->37448K(37824K) Class: 5021K(5248K)->5021K(5248K)
[2023-09-19T20:24:09.606-0300][gc          ] GC(28) Pause Young (Normal) (G1 Evacuation Pause) 224M->165M(1024M) 15,217ms
[2023-09-19T20:24:09.606-0300][gc,cpu      ] GC(28) User=0,08s Sys=0,00s Real=0,01s
[2023-09-19T20:43:02.695-0300][gc,start    ] GC(29) Pause Young (Normal) (G1 Evacuation Pause)
[2023-09-19T20:43:02.695-0300][gc,task     ] GC(29) Using 8 workers of 8 for evacuation
[2023-09-19T20:43:02.712-0300][gc,phases   ] GC(29)   Pre Evacuate Collection Set: 0,6ms
[2023-09-19T20:43:02.712-0300][gc,phases   ] GC(29)   Merge Heap Roots: 0,3ms
[2023-09-19T20:43:02.713-0300][gc,phases   ] GC(29)   Evacuate Collection Set: 14,3ms
[2023-09-19T20:43:02.713-0300][gc,phases   ] GC(29)   Post Evacuate Collection Set: 1,6ms
[2023-09-19T20:43:02.713-0300][gc,phases   ] GC(29)   Other: 0,5ms
[2023-09-19T20:43:02.713-0300][gc,heap     ] GC(29) Eden regions: 92->0(75)
[2023-09-19T20:43:02.713-0300][gc,heap     ] GC(29) Survivor regions: 3->4(12)
[2023-09-19T20:43:02.713-0300][gc,heap     ] GC(29) Old regions: 34->34
[2023-09-19T20:43:02.713-0300][gc,heap     ] GC(29) Archive regions: 2->2
[2023-09-19T20:43:02.713-0300][gc,heap     ] GC(29) Humongous regions: 129->129
[2023-09-19T20:43:02.713-0300][gc,metaspace] GC(29) Metaspace: 42470K(43072K)->42470K(43072K) NonClass: 37448K(37824K)->37448K(37824K) Class: 5021K(5248K)->5021K(5248K)
[2023-09-19T20:43:02.713-0300][gc          ] GC(29) Pause Young (Normal) (G1 Evacuation Pause) 257M->166M(1024M) 17,888ms
[2023-09-19T20:43:02.713-0300][gc,cpu      ] GC(29) User=0,09s Sys=0,00s Real=0,02s
[2023-09-19T20:57:41.911-0300][gc,start    ] GC(30) Pause Young (Normal) (G1 Evacuation Pause)
[2023-09-19T20:57:41.911-0300][gc,task     ] GC(30) Using 8 workers of 8 for evacuation
[2023-09-19T20:57:41.927-0300][gc,phases   ] GC(30)   Pre Evacuate Collection Set: 0,6ms
[2023-09-19T20:57:41.928-0300][gc,phases   ] GC(30)   Merge Heap Roots: 0,3ms
[2023-09-19T20:57:41.928-0300][gc,phases   ] GC(30)   Evacuate Collection Set: 13,1ms
[2023-09-19T20:57:41.928-0300][gc,phases   ] GC(30)   Post Evacuate Collection Set: 1,7ms
[2023-09-19T20:57:41.928-0300][gc,phases   ] GC(30)   Other: 0,6ms
[2023-09-19T20:57:41.928-0300][gc,heap     ] GC(30) Eden regions: 75->0(146)
[2023-09-19T20:57:41.928-0300][gc,heap     ] GC(30) Survivor regions: 4->3(10)
[2023-09-19T20:57:41.928-0300][gc,heap     ] GC(30) Old regions: 34->34
[2023-09-19T20:57:41.928-0300][gc,heap     ] GC(30) Archive regions: 2->2
[2023-09-19T20:57:41.928-0300][gc,heap     ] GC(30) Humongous regions: 129->129
[2023-09-19T20:57:41.928-0300][gc,metaspace] GC(30) Metaspace: 42470K(43072K)->42470K(43072K) NonClass: 37448K(37824K)->37448K(37824K) Class: 5021K(5248K)->5021K(5248K)
[2023-09-19T20:57:41.928-0300][gc          ] GC(30) Pause Young (Normal) (G1 Evacuation Pause) 241M->165M(1024M) 16,623ms
[2023-09-19T20:57:41.928-0300][gc,cpu      ] GC(30) User=0,08s Sys=0,01s Real=0,01s
[2023-09-19T21:27:41.351-0300][gc,start    ] GC(31) Pause Young (Normal) (G1 Evacuation Pause)
[2023-09-19T21:27:41.351-0300][gc,task     ] GC(31) Using 8 workers of 8 for evacuation
[2023-09-19T21:27:41.369-0300][gc,phases   ] GC(31)   Pre Evacuate Collection Set: 0,7ms
[2023-09-19T21:27:41.370-0300][gc,phases   ] GC(31)   Merge Heap Roots: 0,4ms
[2023-09-19T21:27:41.370-0300][gc,phases   ] GC(31)   Evacuate Collection Set: 14,7ms
[2023-09-19T21:27:41.370-0300][gc,phases   ] GC(31)   Post Evacuate Collection Set: 1,8ms
[2023-09-19T21:27:41.370-0300][gc,phases   ] GC(31)   Other: 0,6ms
[2023-09-19T21:27:41.370-0300][gc,heap     ] GC(31) Eden regions: 146->0(204)
[2023-09-19T21:27:41.370-0300][gc,heap     ] GC(31) Survivor regions: 3->3(19)
[2023-09-19T21:27:41.370-0300][gc,heap     ] GC(31) Old regions: 34->34
[2023-09-19T21:27:41.370-0300][gc,heap     ] GC(31) Archive regions: 2->2
[2023-09-19T21:27:41.370-0300][gc,heap     ] GC(31) Humongous regions: 129->129
[2023-09-19T21:27:41.370-0300][gc,metaspace] GC(31) Metaspace: 42470K(43072K)->42470K(43072K) NonClass: 37448K(37824K)->37448K(37824K) Class: 5021K(5248K)->5021K(5248K)
[2023-09-19T21:27:41.370-0300][gc          ] GC(31) Pause Young (Normal) (G1 Evacuation Pause) 311M->165M(1024M) 18,716ms
[2023-09-19T21:27:41.370-0300][gc,cpu      ] GC(31) User=0,08s Sys=0,00s Real=0,01s
[2023-09-19T22:09:10.245-0300][gc,start    ] GC(32) Pause Young (Normal) (G1 Evacuation Pause)
[2023-09-19T22:09:10.245-0300][gc,task     ] GC(32) Using 8 workers of 8 for evacuation
[2023-09-19T22:09:10.267-0300][gc,mmu      ] GC(32) MMU target violated: 21,0ms (20,0ms/21,0ms)
[2023-09-19T22:09:10.267-0300][gc,phases   ] GC(32)   Pre Evacuate Collection Set: 0,6ms
[2023-09-19T22:09:10.268-0300][gc,phases   ] GC(32)   Merge Heap Roots: 0,4ms
[2023-09-19T22:09:10.268-0300][gc,phases   ] GC(32)   Evacuate Collection Set: 18,8ms
[2023-09-19T22:09:10.268-0300][gc,phases   ] GC(32)   Post Evacuate Collection Set: 1,9ms
[2023-09-19T22:09:10.268-0300][gc,phases   ] GC(32)   Other: 0,8ms
[2023-09-19T22:09:10.268-0300][gc,heap     ] GC(32) Eden regions: 204->0(243)
[2023-09-19T22:09:10.268-0300][gc,heap     ] GC(32) Survivor regions: 3->3(26)
[2023-09-19T22:09:10.268-0300][gc,heap     ] GC(32) Old regions: 34->34
[2023-09-19T22:09:10.268-0300][gc,heap     ] GC(32) Archive regions: 2->2
[2023-09-19T22:09:10.268-0300][gc,heap     ] GC(32) Humongous regions: 129->129
[2023-09-19T22:09:10.268-0300][gc,metaspace] GC(32) Metaspace: 42471K(43072K)->42471K(43072K) NonClass: 37449K(37824K)->37449K(37824K) Class: 5021K(5248K)->5021K(5248K)
[2023-09-19T22:09:10.268-0300][gc          ] GC(32) Pause Young (Normal) (G1 Evacuation Pause) 369M->165M(1024M) 22,854ms
[2023-09-19T22:09:10.268-0300][gc,cpu      ] GC(32) User=0,10s Sys=0,01s Real=0,02s
[2023-09-20T09:40:47.351-0300][gc,start    ] GC(33) Pause Young (Normal) (G1 Evacuation Pause)
[2023-09-20T09:40:47.352-0300][gc,task     ] GC(33) Using 8 workers of 8 for evacuation
[2023-09-20T09:40:47.380-0300][gc,mmu      ] GC(33) MMU target violated: 21,0ms (20,0ms/21,0ms)
[2023-09-20T09:40:47.381-0300][gc,phases   ] GC(33)   Pre Evacuate Collection Set: 1,0ms
[2023-09-20T09:40:47.381-0300][gc,phases   ] GC(33)   Merge Heap Roots: 1,1ms
[2023-09-20T09:40:47.381-0300][gc,phases   ] GC(33)   Evacuate Collection Set: 23,1ms
[2023-09-20T09:40:47.381-0300][gc,phases   ] GC(33)   Post Evacuate Collection Set: 3,2ms
[2023-09-20T09:40:47.381-0300][gc,phases   ] GC(33)   Other: 1,1ms
[2023-09-20T09:40:47.381-0300][gc,heap     ] GC(33) Eden regions: 243->0(89)
[2023-09-20T09:40:47.381-0300][gc,heap     ] GC(33) Survivor regions: 3->4(31)
[2023-09-20T09:40:47.381-0300][gc,heap     ] GC(33) Old regions: 34->34
[2023-09-20T09:40:47.381-0300][gc,heap     ] GC(33) Archive regions: 2->2
[2023-09-20T09:40:47.381-0300][gc,heap     ] GC(33) Humongous regions: 129->129
[2023-09-20T09:40:47.381-0300][gc,metaspace] GC(33) Metaspace: 42477K(43072K)->42477K(43072K) NonClass: 37456K(37824K)->37456K(37824K) Class: 5021K(5248K)->5021K(5248K)
[2023-09-20T09:40:47.381-0300][gc          ] GC(33) Pause Young (Normal) (G1 Evacuation Pause) 408M->166M(1024M) 30,096ms
[2023-09-20T09:40:47.382-0300][gc,cpu      ] GC(33) User=0,11s Sys=0,01s Real=0,03s
[2023-09-20T09:40:55.402-0300][gc,heap,exit] Heap
[2023-09-20T09:40:55.404-0300][gc,heap,exit]  garbage-first heap   total 1048576K, used 182448K [0x00000000c0000000, 0x0000000100000000)
[2023-09-20T09:40:55.404-0300][gc,heap,exit]   region size 1024K, 16 young (16384K), 4 survivors (4096K)
[2023-09-20T09:40:55.404-0300][gc,heap,exit]  Metaspace       used 43091K, committed 43712K, reserved 1089536K
[2023-09-20T09:40:55.404-0300][gc,heap,exit]   class space    used 5175K, committed 5440K, reserved 1048576K
