[2023-09-19T08:46:45.467-0300][gc] Using G1
[2023-09-19T08:46:45.475-0300][gc,init] Version: 17.0.6+9-LTS-190 (release)
[2023-09-19T08:46:45.475-0300][gc,init] CPUs: 8 total, 8 available
[2023-09-19T08:46:45.475-0300][gc,init] Memory: 15459M
[2023-09-19T08:46:45.475-0300][gc,init] Large Page Support: Disabled
[2023-09-19T08:46:45.475-0300][gc,init] NUMA Support: Disabled
[2023-09-19T08:46:45.475-0300][gc,init] Compressed Oops: Enabled (32-bit)
[2023-09-19T08:46:45.475-0300][gc,init] Heap Region Size: 1M
[2023-09-19T08:46:45.475-0300][gc,init] Heap Min Capacity: 1G
[2023-09-19T08:46:45.475-0300][gc,init] Heap Initial Capacity: 1G
[2023-09-19T08:46:45.475-0300][gc,init] Heap Max Capacity: 1G
[2023-09-19T08:46:45.475-0300][gc,init] Pre-touch: Disabled
[2023-09-19T08:46:45.475-0300][gc,init] Parallel Workers: 8
[2023-09-19T08:46:45.475-0300][gc,init] Concurrent Workers: 2
[2023-09-19T08:46:45.475-0300][gc,init] Concurrent Refinement Workers: 8
[2023-09-19T08:46:45.475-0300][gc,init] Periodic GC: Disabled
[2023-09-19T08:46:45.475-0300][gc,metaspace] CDS archive(s) mapped at: [0x0000000800000000-0x0000000800be3000-0x0000000800be3000), size 12464128, SharedBaseAddress: 0x0000000800000000, ArchiveRelocationMode: 0.
[2023-09-19T08:46:45.475-0300][gc,metaspace] Compressed class space mapped at: 0x0000000800c00000-0x0000000840c00000, reserved size: 1073741824
[2023-09-19T08:46:45.475-0300][gc,metaspace] Narrow klass base: 0x0000000800000000, Narrow klass shift: 0, Narrow klass range: 0x100000000
[2023-09-19T08:46:46.369-0300][gc,start    ] GC(0) Pause Young (Normal) (G1 Evacuation Pause)
[2023-09-19T08:46:46.370-0300][gc,task     ] GC(0) Using 8 workers of 8 for evacuation
[2023-09-19T08:46:46.373-0300][gc,phases   ] GC(0)   Pre Evacuate Collection Set: 0,1ms
[2023-09-19T08:46:46.373-0300][gc,phases   ] GC(0)   Merge Heap Roots: 0,0ms
[2023-09-19T08:46:46.373-0300][gc,phases   ] GC(0)   Evacuate Collection Set: 2,9ms
[2023-09-19T08:46:46.373-0300][gc,phases   ] GC(0)   Post Evacuate Collection Set: 0,4ms
[2023-09-19T08:46:46.373-0300][gc,phases   ] GC(0)   Other: 0,5ms
[2023-09-19T08:46:46.373-0300][gc,heap     ] GC(0) Eden regions: 51->0(44)
[2023-09-19T08:46:46.373-0300][gc,heap     ] GC(0) Survivor regions: 0->7(7)
[2023-09-19T08:46:46.373-0300][gc,heap     ] GC(0) Old regions: 0->1
[2023-09-19T08:46:46.373-0300][gc,heap     ] GC(0) Archive regions: 2->2
[2023-09-19T08:46:46.373-0300][gc,heap     ] GC(0) Humongous regions: 0->0
[2023-09-19T08:46:46.373-0300][gc,metaspace] GC(0) Metaspace: 18456K(18624K)->18456K(18624K) NonClass: 16274K(16320K)->16274K(16320K) Class: 2182K(2304K)->2182K(2304K)
[2023-09-19T08:46:46.373-0300][gc          ] GC(0) Pause Young (Normal) (G1 Evacuation Pause) 51M->8M(1024M) 4,009ms
[2023-09-19T08:46:46.373-0300][gc,cpu      ] GC(0) User=0,01s Sys=0,01s Real=0,01s
[2023-09-19T08:46:46.551-0300][gc,start    ] GC(1) Pause Young (Concurrent Start) (Metadata GC Threshold)
[2023-09-19T08:46:46.551-0300][gc,task     ] GC(1) Using 8 workers of 8 for evacuation
[2023-09-19T08:46:46.555-0300][gc,phases   ] GC(1)   Pre Evacuate Collection Set: 0,1ms
[2023-09-19T08:46:46.555-0300][gc,phases   ] GC(1)   Merge Heap Roots: 0,0ms
[2023-09-19T08:46:46.555-0300][gc,phases   ] GC(1)   Evacuate Collection Set: 3,0ms
[2023-09-19T08:46:46.555-0300][gc,phases   ] GC(1)   Post Evacuate Collection Set: 0,4ms
[2023-09-19T08:46:46.555-0300][gc,phases   ] GC(1)   Other: 0,2ms
[2023-09-19T08:46:46.555-0300][gc,heap     ] GC(1) Eden regions: 11->0(50)
[2023-09-19T08:46:46.555-0300][gc,heap     ] GC(1) Survivor regions: 7->1(7)
[2023-09-19T08:46:46.555-0300][gc,heap     ] GC(1) Old regions: 1->8
[2023-09-19T08:46:46.555-0300][gc,heap     ] GC(1) Archive regions: 2->2
[2023-09-19T08:46:46.555-0300][gc,heap     ] GC(1) Humongous regions: 0->0
[2023-09-19T08:46:46.555-0300][gc,metaspace] GC(1) Metaspace: 21289K(21504K)->21289K(21504K) NonClass: 18725K(18816K)->18725K(18816K) Class: 2563K(2688K)->2563K(2688K)
[2023-09-19T08:46:46.555-0300][gc          ] GC(1) Pause Young (Concurrent Start) (Metadata GC Threshold) 18M->9M(1024M) 3,775ms
[2023-09-19T08:46:46.555-0300][gc,cpu      ] GC(1) User=0,02s Sys=0,01s Real=0,00s
[2023-09-19T08:46:46.555-0300][gc          ] GC(2) Concurrent Mark Cycle
[2023-09-19T08:46:46.555-0300][gc,marking  ] GC(2) Concurrent Clear Claimed Marks
[2023-09-19T08:46:46.555-0300][gc,marking  ] GC(2) Concurrent Clear Claimed Marks 0,036ms
[2023-09-19T08:46:46.555-0300][gc,marking  ] GC(2) Concurrent Scan Root Regions
[2023-09-19T08:46:46.558-0300][gc,marking  ] GC(2) Concurrent Scan Root Regions 2,617ms
[2023-09-19T08:46:46.558-0300][gc,marking  ] GC(2) Concurrent Mark
[2023-09-19T08:46:46.558-0300][gc,marking  ] GC(2) Concurrent Mark From Roots
[2023-09-19T08:46:46.558-0300][gc,task     ] GC(2) Using 2 workers of 2 for marking
[2023-09-19T08:46:46.559-0300][gc,marking  ] GC(2) Concurrent Mark From Roots 1,312ms
[2023-09-19T08:46:46.559-0300][gc,marking  ] GC(2) Concurrent Preclean
[2023-09-19T08:46:46.559-0300][gc,marking  ] GC(2) Concurrent Preclean 0,041ms
[2023-09-19T08:46:46.560-0300][gc,start    ] GC(2) Pause Remark
[2023-09-19T08:46:46.561-0300][gc          ] GC(2) Pause Remark 9M->9M(1024M) 1,803ms
[2023-09-19T08:46:46.562-0300][gc,cpu      ] GC(2) User=0,01s Sys=0,00s Real=0,00s
[2023-09-19T08:46:46.562-0300][gc,marking  ] GC(2) Concurrent Mark 3,505ms
[2023-09-19T08:46:46.562-0300][gc,marking  ] GC(2) Concurrent Rebuild Remembered Sets
[2023-09-19T08:46:46.564-0300][gc,marking  ] GC(2) Concurrent Rebuild Remembered Sets 2,495ms
[2023-09-19T08:46:46.564-0300][gc,start    ] GC(2) Pause Cleanup
[2023-09-19T08:46:46.564-0300][gc          ] GC(2) Pause Cleanup 9M->9M(1024M) 0,147ms
[2023-09-19T08:46:46.564-0300][gc,cpu      ] GC(2) User=0,00s Sys=0,00s Real=0,00s
[2023-09-19T08:46:46.564-0300][gc,marking  ] GC(2) Concurrent Cleanup for Next Mark
[2023-09-19T08:46:46.568-0300][gc,marking  ] GC(2) Concurrent Cleanup for Next Mark 3,853ms
[2023-09-19T08:46:46.568-0300][gc          ] GC(2) Concurrent Mark Cycle 13,012ms
[2023-09-19T08:46:47.391-0300][gc,start    ] GC(3) Pause Young (Normal) (G1 Evacuation Pause)
[2023-09-19T08:46:47.391-0300][gc,task     ] GC(3) Using 8 workers of 8 for evacuation
[2023-09-19T08:46:47.394-0300][gc,phases   ] GC(3)   Pre Evacuate Collection Set: 0,2ms
[2023-09-19T08:46:47.394-0300][gc,phases   ] GC(3)   Merge Heap Roots: 0,0ms
[2023-09-19T08:46:47.394-0300][gc,phases   ] GC(3)   Evacuate Collection Set: 2,4ms
[2023-09-19T08:46:47.394-0300][gc,phases   ] GC(3)   Post Evacuate Collection Set: 0,5ms
[2023-09-19T08:46:47.394-0300][gc,phases   ] GC(3)   Other: 0,1ms
[2023-09-19T08:46:47.394-0300][gc,heap     ] GC(3) Eden regions: 50->0(46)
[2023-09-19T08:46:47.394-0300][gc,heap     ] GC(3) Survivor regions: 1->5(7)
[2023-09-19T08:46:47.394-0300][gc,heap     ] GC(3) Old regions: 8->8
[2023-09-19T08:46:47.394-0300][gc,heap     ] GC(3) Archive regions: 2->2
[2023-09-19T08:46:47.394-0300][gc,heap     ] GC(3) Humongous regions: 129->0
[2023-09-19T08:46:47.394-0300][gc,metaspace] GC(3) Metaspace: 30598K(30848K)->30598K(30848K) NonClass: 27072K(27200K)->27072K(27200K) Class: 3525K(3648K)->3525K(3648K)
[2023-09-19T08:46:47.394-0300][gc          ] GC(3) Pause Young (Normal) (G1 Evacuation Pause) 188M->12M(1024M) 3,305ms
[2023-09-19T08:46:47.394-0300][gc,cpu      ] GC(3) User=0,02s Sys=0,00s Real=0,00s
[2023-09-19T08:46:47.686-0300][gc,heap,exit] Heap
[2023-09-19T08:46:47.686-0300][gc,heap,exit]  garbage-first heap   total 1048576K, used 19791K [0x00000000c0000000, 0x0000000100000000)
[2023-09-19T08:46:47.686-0300][gc,heap,exit]   region size 1024K, 12 young (12288K), 5 survivors (5120K)
[2023-09-19T08:46:47.686-0300][gc,heap,exit]  Metaspace       used 31057K, committed 31360K, reserved 1081344K
[2023-09-19T08:46:47.686-0300][gc,heap,exit]   class space    used 3607K, committed 3776K, reserved 1048576K
