[2023-09-18T11:16:47.386-0300][gc] Using G1
[2023-09-18T11:16:47.395-0300][gc,init] Version: 17.0.6+9-LTS-190 (release)
[2023-09-18T11:16:47.395-0300][gc,init] CPUs: 8 total, 8 available
[2023-09-18T11:16:47.395-0300][gc,init] Memory: 15459M
[2023-09-18T11:16:47.395-0300][gc,init] Large Page Support: Disabled
[2023-09-18T11:16:47.395-0300][gc,init] NUMA Support: Disabled
[2023-09-18T11:16:47.395-0300][gc,init] Compressed Oops: Enabled (32-bit)
[2023-09-18T11:16:47.395-0300][gc,init] Heap Region Size: 1M
[2023-09-18T11:16:47.395-0300][gc,init] Heap Min Capacity: 1G
[2023-09-18T11:16:47.395-0300][gc,init] Heap Initial Capacity: 1G
[2023-09-18T11:16:47.395-0300][gc,init] Heap Max Capacity: 1G
[2023-09-18T11:16:47.395-0300][gc,init] Pre-touch: Disabled
[2023-09-18T11:16:47.395-0300][gc,init] Parallel Workers: 8
[2023-09-18T11:16:47.395-0300][gc,init] Concurrent Workers: 2
[2023-09-18T11:16:47.395-0300][gc,init] Concurrent Refinement Workers: 8
[2023-09-18T11:16:47.395-0300][gc,init] Periodic GC: Disabled
[2023-09-18T11:16:47.395-0300][gc,metaspace] CDS archive(s) mapped at: [0x0000000800000000-0x0000000800be3000-0x0000000800be3000), size 12464128, SharedBaseAddress: 0x0000000800000000, ArchiveRelocationMode: 0.
[2023-09-18T11:16:47.395-0300][gc,metaspace] Compressed class space mapped at: 0x0000000800c00000-0x0000000840c00000, reserved size: 1073741824
[2023-09-18T11:16:47.395-0300][gc,metaspace] Narrow klass base: 0x0000000800000000, Narrow klass shift: 0, Narrow klass range: 0x100000000
[2023-09-18T11:16:50.295-0300][gc,start    ] GC(0) Pause Young (Normal) (G1 Evacuation Pause)
[2023-09-18T11:16:50.300-0300][gc,task     ] GC(0) Using 8 workers of 8 for evacuation
[2023-09-18T11:16:50.312-0300][gc,phases   ] GC(0)   Pre Evacuate Collection Set: 0,3ms
[2023-09-18T11:16:50.312-0300][gc,phases   ] GC(0)   Merge Heap Roots: 0,1ms
[2023-09-18T11:16:50.312-0300][gc,phases   ] GC(0)   Evacuate Collection Set: 10,3ms
[2023-09-18T11:16:50.312-0300][gc,phases   ] GC(0)   Post Evacuate Collection Set: 1,2ms
[2023-09-18T11:16:50.312-0300][gc,phases   ] GC(0)   Other: 5,4ms
[2023-09-18T11:16:50.312-0300][gc,heap     ] GC(0) Eden regions: 51->0(44)
[2023-09-18T11:16:50.312-0300][gc,heap     ] GC(0) Survivor regions: 0->7(7)
[2023-09-18T11:16:50.312-0300][gc,heap     ] GC(0) Old regions: 0->1
[2023-09-18T11:16:50.312-0300][gc,heap     ] GC(0) Archive regions: 2->2
[2023-09-18T11:16:50.312-0300][gc,heap     ] GC(0) Humongous regions: 0->0
[2023-09-18T11:16:50.312-0300][gc,metaspace] GC(0) Metaspace: 18671K(18944K)->18671K(18944K) NonClass: 16446K(16576K)->16446K(16576K) Class: 2225K(2368K)->2225K(2368K)
[2023-09-18T11:16:50.312-0300][gc          ] GC(0) Pause Young (Normal) (G1 Evacuation Pause) 51M->8M(1024M) 17,543ms
[2023-09-18T11:16:50.312-0300][gc,cpu      ] GC(0) User=0,03s Sys=0,01s Real=0,02s
[2023-09-18T11:16:50.775-0300][gc,start    ] GC(1) Pause Young (Concurrent Start) (Metadata GC Threshold)
[2023-09-18T11:16:50.775-0300][gc,task     ] GC(1) Using 8 workers of 8 for evacuation
[2023-09-18T11:16:50.780-0300][gc,phases   ] GC(1)   Pre Evacuate Collection Set: 0,1ms
[2023-09-18T11:16:50.780-0300][gc,phases   ] GC(1)   Merge Heap Roots: 0,0ms
[2023-09-18T11:16:50.780-0300][gc,phases   ] GC(1)   Evacuate Collection Set: 4,2ms
[2023-09-18T11:16:50.780-0300][gc,phases   ] GC(1)   Post Evacuate Collection Set: 0,5ms
[2023-09-18T11:16:50.780-0300][gc,phases   ] GC(1)   Other: 0,2ms
[2023-09-18T11:16:50.780-0300][gc,heap     ] GC(1) Eden regions: 12->0(49)
[2023-09-18T11:16:50.780-0300][gc,heap     ] GC(1) Survivor regions: 7->2(7)
[2023-09-18T11:16:50.780-0300][gc,heap     ] GC(1) Old regions: 1->8
[2023-09-18T11:16:50.780-0300][gc,heap     ] GC(1) Archive regions: 2->2
[2023-09-18T11:16:50.780-0300][gc,heap     ] GC(1) Humongous regions: 129->129
[2023-09-18T11:16:50.780-0300][gc,metaspace] GC(1) Metaspace: 21317K(21504K)->21317K(21504K) NonClass: 18749K(18816K)->18749K(18816K) Class: 2568K(2688K)->2568K(2688K)
[2023-09-18T11:16:50.780-0300][gc          ] GC(1) Pause Young (Concurrent Start) (Metadata GC Threshold) 148M->138M(1024M) 5,177ms
[2023-09-18T11:16:50.780-0300][gc,cpu      ] GC(1) User=0,04s Sys=0,00s Real=0,01s
[2023-09-18T11:16:50.780-0300][gc          ] GC(2) Concurrent Mark Cycle
[2023-09-18T11:16:50.781-0300][gc,marking  ] GC(2) Concurrent Clear Claimed Marks
[2023-09-18T11:16:50.781-0300][gc,marking  ] GC(2) Concurrent Clear Claimed Marks 0,021ms
[2023-09-18T11:16:50.781-0300][gc,marking  ] GC(2) Concurrent Scan Root Regions
[2023-09-18T11:16:50.784-0300][gc,marking  ] GC(2) Concurrent Scan Root Regions 3,003ms
[2023-09-18T11:16:50.784-0300][gc,marking  ] GC(2) Concurrent Mark
[2023-09-18T11:16:50.784-0300][gc,marking  ] GC(2) Concurrent Mark From Roots
[2023-09-18T11:16:50.784-0300][gc,task     ] GC(2) Using 2 workers of 2 for marking
[2023-09-18T11:16:50.786-0300][gc,marking  ] GC(2) Concurrent Mark From Roots 2,115ms
[2023-09-18T11:16:50.786-0300][gc,marking  ] GC(2) Concurrent Preclean
[2023-09-18T11:16:50.786-0300][gc,marking  ] GC(2) Concurrent Preclean 0,054ms
[2023-09-18T11:16:50.786-0300][gc,start    ] GC(2) Pause Remark
[2023-09-18T11:16:50.788-0300][gc          ] GC(2) Pause Remark 139M->139M(1024M) 1,872ms
[2023-09-18T11:16:50.788-0300][gc,cpu      ] GC(2) User=0,00s Sys=0,00s Real=0,00s
[2023-09-18T11:16:50.788-0300][gc,marking  ] GC(2) Concurrent Mark 4,364ms
[2023-09-18T11:16:50.788-0300][gc,marking  ] GC(2) Concurrent Rebuild Remembered Sets
[2023-09-18T11:16:50.792-0300][gc,marking  ] GC(2) Concurrent Rebuild Remembered Sets 3,600ms
[2023-09-18T11:16:50.792-0300][gc,start    ] GC(2) Pause Cleanup
[2023-09-18T11:16:50.792-0300][gc          ] GC(2) Pause Cleanup 139M->139M(1024M) 0,163ms
[2023-09-18T11:16:50.792-0300][gc,cpu      ] GC(2) User=0,00s Sys=0,00s Real=0,00s
[2023-09-18T11:16:50.792-0300][gc,marking  ] GC(2) Concurrent Cleanup for Next Mark
[2023-09-18T11:16:50.798-0300][gc,marking  ] GC(2) Concurrent Cleanup for Next Mark 6,207ms
[2023-09-18T11:16:50.798-0300][gc          ] GC(2) Concurrent Mark Cycle 17,734ms
[2023-09-18T11:16:51.668-0300][gc,start    ] GC(3) Pause Young (Normal) (G1 Evacuation Pause)
[2023-09-18T11:16:51.668-0300][gc,task     ] GC(3) Using 8 workers of 8 for evacuation
[2023-09-18T11:16:51.676-0300][gc,phases   ] GC(3)   Pre Evacuate Collection Set: 0,6ms
[2023-09-18T11:16:51.676-0300][gc,phases   ] GC(3)   Merge Heap Roots: 0,3ms
[2023-09-18T11:16:51.676-0300][gc,phases   ] GC(3)   Evacuate Collection Set: 6,9ms
[2023-09-18T11:16:51.676-0300][gc,phases   ] GC(3)   Post Evacuate Collection Set: 0,5ms
[2023-09-18T11:16:51.676-0300][gc,phases   ] GC(3)   Other: 0,5ms
[2023-09-18T11:16:51.676-0300][gc,heap     ] GC(3) Eden regions: 49->0(45)
[2023-09-18T11:16:51.676-0300][gc,heap     ] GC(3) Survivor regions: 2->6(7)
[2023-09-18T11:16:51.676-0300][gc,heap     ] GC(3) Old regions: 8->8
[2023-09-18T11:16:51.676-0300][gc,heap     ] GC(3) Archive regions: 2->2
[2023-09-18T11:16:51.676-0300][gc,heap     ] GC(3) Humongous regions: 129->129
[2023-09-18T11:16:51.676-0300][gc,metaspace] GC(3) Metaspace: 32498K(32768K)->32498K(32768K) NonClass: 28859K(29056K)->28859K(29056K) Class: 3639K(3712K)->3639K(3712K)
[2023-09-18T11:16:51.676-0300][gc          ] GC(3) Pause Young (Normal) (G1 Evacuation Pause) 187M->142M(1024M) 8,772ms
[2023-09-18T11:16:51.676-0300][gc,cpu      ] GC(3) User=0,05s Sys=0,01s Real=0,01s
[2023-09-18T11:18:43.665-0300][gc,start    ] GC(4) Pause Young (Concurrent Start) (Metadata GC Threshold)
[2023-09-18T11:18:43.665-0300][gc,task     ] GC(4) Using 8 workers of 8 for evacuation
[2023-09-18T11:18:43.671-0300][gc,phases   ] GC(4)   Pre Evacuate Collection Set: 0,2ms
[2023-09-18T11:18:43.671-0300][gc,phases   ] GC(4)   Merge Heap Roots: 0,0ms
[2023-09-18T11:18:43.671-0300][gc,phases   ] GC(4)   Evacuate Collection Set: 4,7ms
[2023-09-18T11:18:43.671-0300][gc,phases   ] GC(4)   Post Evacuate Collection Set: 0,6ms
[2023-09-18T11:18:43.671-0300][gc,phases   ] GC(4)   Other: 0,2ms
[2023-09-18T11:18:43.671-0300][gc,heap     ] GC(4) Eden regions: 17->0(49)
[2023-09-18T11:18:43.671-0300][gc,heap     ] GC(4) Survivor regions: 6->2(7)
[2023-09-18T11:18:43.671-0300][gc,heap     ] GC(4) Old regions: 8->14
[2023-09-18T11:18:43.671-0300][gc,heap     ] GC(4) Archive regions: 2->2
[2023-09-18T11:18:43.671-0300][gc,heap     ] GC(4) Humongous regions: 129->129
[2023-09-18T11:18:43.671-0300][gc,metaspace] GC(4) Metaspace: 35688K(36096K)->35688K(36096K) NonClass: 31477K(31680K)->31477K(31680K) Class: 4211K(4416K)->4211K(4416K)
[2023-09-18T11:18:43.671-0300][gc          ] GC(4) Pause Young (Concurrent Start) (Metadata GC Threshold) 159M->144M(1024M) 5,911ms
[2023-09-18T11:18:43.671-0300][gc,cpu      ] GC(4) User=0,03s Sys=0,01s Real=0,00s
[2023-09-18T11:18:43.671-0300][gc          ] GC(5) Concurrent Mark Cycle
[2023-09-18T11:18:43.671-0300][gc,marking  ] GC(5) Concurrent Clear Claimed Marks
[2023-09-18T11:18:43.671-0300][gc,marking  ] GC(5) Concurrent Clear Claimed Marks 0,041ms
[2023-09-18T11:18:43.671-0300][gc,marking  ] GC(5) Concurrent Scan Root Regions
[2023-09-18T11:18:43.676-0300][gc,marking  ] GC(5) Concurrent Scan Root Regions 4,460ms
[2023-09-18T11:18:43.676-0300][gc,marking  ] GC(5) Concurrent Mark
[2023-09-18T11:18:43.676-0300][gc,marking  ] GC(5) Concurrent Mark From Roots
[2023-09-18T11:18:43.676-0300][gc,task     ] GC(5) Using 2 workers of 2 for marking
[2023-09-18T11:18:43.683-0300][gc,marking  ] GC(5) Concurrent Mark From Roots 7,344ms
[2023-09-18T11:18:43.683-0300][gc,marking  ] GC(5) Concurrent Preclean
[2023-09-18T11:18:43.683-0300][gc,marking  ] GC(5) Concurrent Preclean 0,094ms
[2023-09-18T11:18:43.683-0300][gc,start    ] GC(5) Pause Remark
[2023-09-18T11:18:43.685-0300][gc          ] GC(5) Pause Remark 145M->145M(1024M) 1,487ms
[2023-09-18T11:18:43.685-0300][gc,cpu      ] GC(5) User=0,01s Sys=0,00s Real=0,01s
[2023-09-18T11:18:43.685-0300][gc,marking  ] GC(5) Concurrent Mark 9,170ms
[2023-09-18T11:18:43.685-0300][gc,marking  ] GC(5) Concurrent Rebuild Remembered Sets
[2023-09-18T11:18:43.691-0300][gc,marking  ] GC(5) Concurrent Rebuild Remembered Sets 6,108ms
[2023-09-18T11:18:43.691-0300][gc,start    ] GC(5) Pause Cleanup
[2023-09-18T11:18:43.691-0300][gc          ] GC(5) Pause Cleanup 145M->145M(1024M) 0,314ms
[2023-09-18T11:18:43.691-0300][gc,cpu      ] GC(5) User=0,00s Sys=0,00s Real=0,00s
[2023-09-18T11:18:43.691-0300][gc,marking  ] GC(5) Concurrent Cleanup for Next Mark
[2023-09-18T11:18:43.698-0300][gc,marking  ] GC(5) Concurrent Cleanup for Next Mark 6,574ms
[2023-09-18T11:18:43.698-0300][gc          ] GC(5) Concurrent Mark Cycle 27,321ms
[2023-09-18T11:20:49.571-0300][gc,start    ] GC(6) Pause Young (Prepare Mixed) (G1 Evacuation Pause)
[2023-09-18T11:20:49.572-0300][gc,task     ] GC(6) Using 8 workers of 8 for evacuation
[2023-09-18T11:20:49.575-0300][gc,phases   ] GC(6)   Pre Evacuate Collection Set: 0,1ms
[2023-09-18T11:20:49.575-0300][gc,phases   ] GC(6)   Merge Heap Roots: 0,1ms
[2023-09-18T11:20:49.575-0300][gc,phases   ] GC(6)   Evacuate Collection Set: 3,0ms
[2023-09-18T11:20:49.575-0300][gc,phases   ] GC(6)   Post Evacuate Collection Set: 0,5ms
[2023-09-18T11:20:49.575-0300][gc,phases   ] GC(6)   Other: 0,1ms
[2023-09-18T11:20:49.575-0300][gc,heap     ] GC(6) Eden regions: 49->0(46)
[2023-09-18T11:20:49.575-0300][gc,heap     ] GC(6) Survivor regions: 2->5(7)
[2023-09-18T11:20:49.575-0300][gc,heap     ] GC(6) Old regions: 14->14
[2023-09-18T11:20:49.575-0300][gc,heap     ] GC(6) Archive regions: 2->2
[2023-09-18T11:20:49.575-0300][gc,heap     ] GC(6) Humongous regions: 129->129
[2023-09-18T11:20:49.575-0300][gc,metaspace] GC(6) Metaspace: 41398K(42112K)->41398K(42112K) NonClass: 36345K(36800K)->36345K(36800K) Class: 5053K(5312K)->5053K(5312K)
[2023-09-18T11:20:49.575-0300][gc          ] GC(6) Pause Young (Prepare Mixed) (G1 Evacuation Pause) 193M->147M(1024M) 3,863ms
[2023-09-18T11:20:49.575-0300][gc,cpu      ] GC(6) User=0,02s Sys=0,00s Real=0,00s
[2023-09-18T11:28:44.842-0300][gc,start    ] GC(7) Pause Young (Mixed) (G1 Evacuation Pause)
[2023-09-18T11:28:44.842-0300][gc,task     ] GC(7) Using 8 workers of 8 for evacuation
[2023-09-18T11:28:44.846-0300][gc,phases   ] GC(7)   Pre Evacuate Collection Set: 0,2ms
[2023-09-18T11:28:44.846-0300][gc,phases   ] GC(7)   Merge Heap Roots: 0,0ms
[2023-09-18T11:28:44.846-0300][gc,phases   ] GC(7)   Evacuate Collection Set: 3,6ms
[2023-09-18T11:28:44.846-0300][gc,phases   ] GC(7)   Post Evacuate Collection Set: 0,4ms
[2023-09-18T11:28:44.846-0300][gc,phases   ] GC(7)   Other: 0,1ms
[2023-09-18T11:28:44.846-0300][gc,heap     ] GC(7) Eden regions: 46->0(48)
[2023-09-18T11:28:44.846-0300][gc,heap     ] GC(7) Survivor regions: 5->3(7)
[2023-09-18T11:28:44.846-0300][gc,heap     ] GC(7) Old regions: 14->17
[2023-09-18T11:28:44.846-0300][gc,heap     ] GC(7) Archive regions: 2->2
[2023-09-18T11:28:44.846-0300][gc,heap     ] GC(7) Humongous regions: 129->129
[2023-09-18T11:28:44.846-0300][gc,metaspace] GC(7) Metaspace: 42150K(42816K)->42150K(42816K) NonClass: 36985K(37376K)->36985K(37376K) Class: 5165K(5440K)->5165K(5440K)
[2023-09-18T11:28:44.846-0300][gc          ] GC(7) Pause Young (Mixed) (G1 Evacuation Pause) 193M->148M(1024M) 4,417ms
[2023-09-18T11:28:44.846-0300][gc,cpu      ] GC(7) User=0,02s Sys=0,00s Real=0,01s
[2023-09-18T11:38:53.814-0300][gc,start    ] GC(8) Pause Young (Normal) (G1 Evacuation Pause)
[2023-09-18T11:38:53.814-0300][gc,task     ] GC(8) Using 8 workers of 8 for evacuation
[2023-09-18T11:38:53.817-0300][gc,phases   ] GC(8)   Pre Evacuate Collection Set: 0,1ms
[2023-09-18T11:38:53.817-0300][gc,phases   ] GC(8)   Merge Heap Roots: 0,1ms
[2023-09-18T11:38:53.817-0300][gc,phases   ] GC(8)   Evacuate Collection Set: 2,8ms
[2023-09-18T11:38:53.817-0300][gc,phases   ] GC(8)   Post Evacuate Collection Set: 0,4ms
[2023-09-18T11:38:53.817-0300][gc,phases   ] GC(8)   Other: 0,2ms
[2023-09-18T11:38:53.817-0300][gc,heap     ] GC(8) Eden regions: 48->0(45)
[2023-09-18T11:38:53.817-0300][gc,heap     ] GC(8) Survivor regions: 3->6(7)
[2023-09-18T11:38:53.817-0300][gc,heap     ] GC(8) Old regions: 17->17
[2023-09-18T11:38:53.817-0300][gc,heap     ] GC(8) Archive regions: 2->2
[2023-09-18T11:38:53.817-0300][gc,heap     ] GC(8) Humongous regions: 129->129
[2023-09-18T11:38:53.817-0300][gc,metaspace] GC(8) Metaspace: 42277K(42944K)->42277K(42944K) NonClass: 37106K(37504K)->37106K(37504K) Class: 5170K(5440K)->5170K(5440K)
[2023-09-18T11:38:53.817-0300][gc          ] GC(8) Pause Young (Normal) (G1 Evacuation Pause) 196M->151M(1024M) 3,697ms
[2023-09-18T11:38:53.817-0300][gc,cpu      ] GC(8) User=0,03s Sys=0,00s Real=0,01s
[2023-09-18T11:47:44.037-0300][gc,start    ] GC(9) Pause Young (Normal) (G1 Evacuation Pause)
[2023-09-18T11:47:44.037-0300][gc,task     ] GC(9) Using 8 workers of 8 for evacuation
[2023-09-18T11:47:44.044-0300][gc,phases   ] GC(9)   Pre Evacuate Collection Set: 0,2ms
[2023-09-18T11:47:44.044-0300][gc,phases   ] GC(9)   Merge Heap Roots: 0,1ms
[2023-09-18T11:47:44.044-0300][gc,phases   ] GC(9)   Evacuate Collection Set: 6,1ms
[2023-09-18T11:47:44.044-0300][gc,phases   ] GC(9)   Post Evacuate Collection Set: 0,4ms
[2023-09-18T11:47:44.044-0300][gc,phases   ] GC(9)   Other: 0,2ms
[2023-09-18T11:47:44.044-0300][gc,heap     ] GC(9) Eden regions: 45->0(47)
[2023-09-18T11:47:44.044-0300][gc,heap     ] GC(9) Survivor regions: 6->5(7)
[2023-09-18T11:47:44.044-0300][gc,heap     ] GC(9) Old regions: 17->21
[2023-09-18T11:47:44.044-0300][gc,heap     ] GC(9) Archive regions: 2->2
[2023-09-18T11:47:44.044-0300][gc,heap     ] GC(9) Humongous regions: 129->129
[2023-09-18T11:47:44.044-0300][gc,metaspace] GC(9) Metaspace: 42306K(43008K)->42306K(43008K) NonClass: 37135K(37568K)->37135K(37568K) Class: 5170K(5440K)->5170K(5440K)
[2023-09-18T11:47:44.044-0300][gc          ] GC(9) Pause Young (Normal) (G1 Evacuation Pause) 196M->155M(1024M) 7,027ms
[2023-09-18T11:47:44.044-0300][gc,cpu      ] GC(9) User=0,04s Sys=0,00s Real=0,00s
[2023-09-18T11:57:16.507-0300][gc,start    ] GC(10) Pause Young (Normal) (G1 Evacuation Pause)
[2023-09-18T11:57:16.508-0300][gc,task     ] GC(10) Using 8 workers of 8 for evacuation
[2023-09-18T11:57:16.513-0300][gc,phases   ] GC(10)   Pre Evacuate Collection Set: 0,2ms
[2023-09-18T11:57:16.513-0300][gc,phases   ] GC(10)   Merge Heap Roots: 0,1ms
[2023-09-18T11:57:16.513-0300][gc,phases   ] GC(10)   Evacuate Collection Set: 4,4ms
[2023-09-18T11:57:16.513-0300][gc,phases   ] GC(10)   Post Evacuate Collection Set: 0,3ms
[2023-09-18T11:57:16.513-0300][gc,phases   ] GC(10)   Other: 1,4ms
[2023-09-18T11:57:16.513-0300][gc,heap     ] GC(10) Eden regions: 46->0(62)
[2023-09-18T11:57:16.513-0300][gc,heap     ] GC(10) Survivor regions: 5->5(7)
[2023-09-18T11:57:16.513-0300][gc,heap     ] GC(10) Old regions: 21->25
[2023-09-18T11:57:16.513-0300][gc,heap     ] GC(10) Archive regions: 2->2
[2023-09-18T11:57:16.513-0300][gc,heap     ] GC(10) Humongous regions: 129->129
[2023-09-18T11:57:16.513-0300][gc,metaspace] GC(10) Metaspace: 42404K(43072K)->42404K(43072K) NonClass: 37233K(37632K)->37233K(37632K) Class: 5170K(5440K)->5170K(5440K)
[2023-09-18T11:57:16.513-0300][gc          ] GC(10) Pause Young (Normal) (G1 Evacuation Pause) 201M->159M(1024M) 6,387ms
[2023-09-18T11:57:16.513-0300][gc,cpu      ] GC(10) User=0,04s Sys=0,00s Real=0,00s
[2023-09-18T12:09:48.814-0300][gc,start    ] GC(11) Pause Young (Normal) (G1 Evacuation Pause)
[2023-09-18T12:09:48.814-0300][gc,task     ] GC(11) Using 8 workers of 8 for evacuation
[2023-09-18T12:09:48.819-0300][gc,phases   ] GC(11)   Pre Evacuate Collection Set: 0,1ms
[2023-09-18T12:09:48.819-0300][gc,phases   ] GC(11)   Merge Heap Roots: 0,0ms
[2023-09-18T12:09:48.819-0300][gc,phases   ] GC(11)   Evacuate Collection Set: 5,2ms
[2023-09-18T12:09:48.819-0300][gc,phases   ] GC(11)   Post Evacuate Collection Set: 0,2ms
[2023-09-18T12:09:48.819-0300][gc,phases   ] GC(11)   Other: 0,1ms
[2023-09-18T12:09:48.819-0300][gc,heap     ] GC(11) Eden regions: 61->0(57)
[2023-09-18T12:09:48.819-0300][gc,heap     ] GC(11) Survivor regions: 5->9(9)
[2023-09-18T12:09:48.819-0300][gc,heap     ] GC(11) Old regions: 25->25
[2023-09-18T12:09:48.819-0300][gc,heap     ] GC(11) Archive regions: 2->2
[2023-09-18T12:09:48.819-0300][gc,heap     ] GC(11) Humongous regions: 129->129
[2023-09-18T12:09:48.819-0300][gc,metaspace] GC(11) Metaspace: 42458K(43136K)->42458K(43136K) NonClass: 37288K(37696K)->37288K(37696K) Class: 5170K(5440K)->5170K(5440K)
[2023-09-18T12:09:48.819-0300][gc          ] GC(11) Pause Young (Normal) (G1 Evacuation Pause) 220M->163M(1024M) 5,775ms
[2023-09-18T12:09:48.819-0300][gc,cpu      ] GC(11) User=0,03s Sys=0,01s Real=0,01s
[2023-09-18T12:20:48.463-0300][gc,start    ] GC(12) Pause Young (Normal) (G1 Evacuation Pause)
[2023-09-18T12:20:48.463-0300][gc,task     ] GC(12) Using 8 workers of 8 for evacuation
[2023-09-18T12:20:48.471-0300][gc,phases   ] GC(12)   Pre Evacuate Collection Set: 0,2ms
[2023-09-18T12:20:48.471-0300][gc,phases   ] GC(12)   Merge Heap Roots: 0,1ms
[2023-09-18T12:20:48.471-0300][gc,phases   ] GC(12)   Evacuate Collection Set: 6,9ms
[2023-09-18T12:20:48.471-0300][gc,phases   ] GC(12)   Post Evacuate Collection Set: 0,3ms
[2023-09-18T12:20:48.471-0300][gc,phases   ] GC(12)   Other: 0,1ms
[2023-09-18T12:20:48.471-0300][gc,heap     ] GC(12) Eden regions: 57->0(76)
[2023-09-18T12:20:48.471-0300][gc,heap     ] GC(12) Survivor regions: 9->6(9)
[2023-09-18T12:20:48.471-0300][gc,heap     ] GC(12) Old regions: 25->33
[2023-09-18T12:20:48.471-0300][gc,heap     ] GC(12) Archive regions: 2->2
[2023-09-18T12:20:48.471-0300][gc,heap     ] GC(12) Humongous regions: 129->129
[2023-09-18T12:20:48.471-0300][gc,metaspace] GC(12) Metaspace: 42535K(43200K)->42535K(43200K) NonClass: 37359K(37760K)->37359K(37760K) Class: 5175K(5440K)->5175K(5440K)
[2023-09-18T12:20:48.471-0300][gc          ] GC(12) Pause Young (Normal) (G1 Evacuation Pause) 220M->168M(1024M) 7,720ms
[2023-09-18T12:20:48.471-0300][gc,cpu      ] GC(12) User=0,05s Sys=0,00s Real=0,01s
[2023-09-18T12:36:18.814-0300][gc,start    ] GC(13) Pause Young (Normal) (G1 Evacuation Pause)
[2023-09-18T12:36:18.814-0300][gc,task     ] GC(13) Using 8 workers of 8 for evacuation
[2023-09-18T12:36:18.818-0300][gc,phases   ] GC(13)   Pre Evacuate Collection Set: 0,1ms
[2023-09-18T12:36:18.818-0300][gc,phases   ] GC(13)   Merge Heap Roots: 0,1ms
[2023-09-18T12:36:18.818-0300][gc,phases   ] GC(13)   Evacuate Collection Set: 3,5ms
[2023-09-18T12:36:18.818-0300][gc,phases   ] GC(13)   Post Evacuate Collection Set: 0,4ms
[2023-09-18T12:36:18.818-0300][gc,phases   ] GC(13)   Other: 0,1ms
[2023-09-18T12:36:18.818-0300][gc,heap     ] GC(13) Eden regions: 76->0(257)
[2023-09-18T12:36:18.818-0300][gc,heap     ] GC(13) Survivor regions: 6->7(11)
[2023-09-18T12:36:18.818-0300][gc,heap     ] GC(13) Old regions: 33->33
[2023-09-18T12:36:18.818-0300][gc,heap     ] GC(13) Archive regions: 2->2
[2023-09-18T12:36:18.818-0300][gc,heap     ] GC(13) Humongous regions: 129->129
[2023-09-18T12:36:18.818-0300][gc,metaspace] GC(13) Metaspace: 42568K(43200K)->42568K(43200K) NonClass: 37392K(37760K)->37392K(37760K) Class: 5175K(5440K)->5175K(5440K)
[2023-09-18T12:36:18.818-0300][gc          ] GC(13) Pause Young (Normal) (G1 Evacuation Pause) 244M->169M(1024M) 4,289ms
[2023-09-18T12:36:18.818-0300][gc,cpu      ] GC(13) User=0,03s Sys=0,00s Real=0,01s
[2023-09-18T13:28:48.814-0300][gc,start    ] GC(14) Pause Young (Normal) (G1 Evacuation Pause)
[2023-09-18T13:28:48.814-0300][gc,task     ] GC(14) Using 8 workers of 8 for evacuation
[2023-09-18T13:28:48.828-0300][gc,phases   ] GC(14)   Pre Evacuate Collection Set: 0,1ms
[2023-09-18T13:28:48.828-0300][gc,phases   ] GC(14)   Merge Heap Roots: 0,1ms
[2023-09-18T13:28:48.828-0300][gc,phases   ] GC(14)   Evacuate Collection Set: 6,3ms
[2023-09-18T13:28:48.828-0300][gc,phases   ] GC(14)   Post Evacuate Collection Set: 7,9ms
[2023-09-18T13:28:48.828-0300][gc,phases   ] GC(14)   Other: 0,2ms
[2023-09-18T13:28:48.828-0300][gc,heap     ] GC(14) Eden regions: 257->0(446)
[2023-09-18T13:28:48.828-0300][gc,heap     ] GC(14) Survivor regions: 7->7(33)
[2023-09-18T13:28:48.828-0300][gc,heap     ] GC(14) Old regions: 33->33
[2023-09-18T13:28:48.828-0300][gc,heap     ] GC(14) Archive regions: 2->2
[2023-09-18T13:28:48.828-0300][gc,heap     ] GC(14) Humongous regions: 129->129
[2023-09-18T13:28:48.828-0300][gc,metaspace] GC(14) Metaspace: 42620K(43264K)->42620K(43264K) NonClass: 37445K(37824K)->37445K(37824K) Class: 5175K(5440K)->5175K(5440K)
[2023-09-18T13:28:48.828-0300][gc          ] GC(14) Pause Young (Normal) (G1 Evacuation Pause) 426M->168M(1024M) 14,646ms
[2023-09-18T13:28:48.828-0300][gc,cpu      ] GC(14) User=0,02s Sys=0,01s Real=0,02s
[2023-09-18T15:00:43.953-0300][gc,start    ] GC(15) Pause Young (Normal) (G1 Evacuation Pause)
[2023-09-18T15:00:43.953-0300][gc,task     ] GC(15) Using 8 workers of 8 for evacuation
[2023-09-18T15:00:43.968-0300][gc,phases   ] GC(15)   Pre Evacuate Collection Set: 0,2ms
[2023-09-18T15:00:43.968-0300][gc,phases   ] GC(15)   Merge Heap Roots: 0,1ms
[2023-09-18T15:00:43.968-0300][gc,phases   ] GC(15)   Evacuate Collection Set: 4,0ms
[2023-09-18T15:00:43.968-0300][gc,phases   ] GC(15)   Post Evacuate Collection Set: 10,9ms
[2023-09-18T15:00:43.968-0300][gc,phases   ] GC(15)   Other: 0,3ms
[2023-09-18T15:00:43.968-0300][gc,heap     ] GC(15) Eden regions: 446->0(280)
[2023-09-18T15:00:43.968-0300][gc,heap     ] GC(15) Survivor regions: 7->6(57)
[2023-09-18T15:00:43.968-0300][gc,heap     ] GC(15) Old regions: 33->33
[2023-09-18T15:00:43.968-0300][gc,heap     ] GC(15) Archive regions: 2->2
[2023-09-18T15:00:43.968-0300][gc,heap     ] GC(15) Humongous regions: 129->129
[2023-09-18T15:00:43.968-0300][gc,metaspace] GC(15) Metaspace: 42639K(43264K)->42639K(43264K) NonClass: 37463K(37824K)->37463K(37824K) Class: 5175K(5440K)->5175K(5440K)
[2023-09-18T15:00:43.968-0300][gc          ] GC(15) Pause Young (Normal) (G1 Evacuation Pause) 614M->168M(1024M) 15,541ms
[2023-09-18T15:00:43.968-0300][gc,cpu      ] GC(15) User=0,01s Sys=0,01s Real=0,02s
[2023-09-18T15:56:53.913-0300][gc,start    ] GC(16) Pause Young (Normal) (G1 Evacuation Pause)
[2023-09-18T15:56:53.914-0300][gc,task     ] GC(16) Using 8 workers of 8 for evacuation
[2023-09-18T15:56:53.924-0300][gc,phases   ] GC(16)   Pre Evacuate Collection Set: 0,2ms
[2023-09-18T15:56:53.924-0300][gc,phases   ] GC(16)   Merge Heap Roots: 0,1ms
[2023-09-18T15:56:53.924-0300][gc,phases   ] GC(16)   Evacuate Collection Set: 3,2ms
[2023-09-18T15:56:53.924-0300][gc,phases   ] GC(16)   Post Evacuate Collection Set: 6,9ms
[2023-09-18T15:56:53.924-0300][gc,phases   ] GC(16)   Other: 0,9ms
[2023-09-18T15:56:53.924-0300][gc,heap     ] GC(16) Eden regions: 280->0(401)
[2023-09-18T15:56:53.924-0300][gc,heap     ] GC(16) Survivor regions: 6->6(36)
[2023-09-18T15:56:53.924-0300][gc,heap     ] GC(16) Old regions: 33->33
[2023-09-18T15:56:53.924-0300][gc,heap     ] GC(16) Archive regions: 2->2
[2023-09-18T15:56:53.924-0300][gc,heap     ] GC(16) Humongous regions: 129->129
[2023-09-18T15:56:53.924-0300][gc,metaspace] GC(16) Metaspace: 42757K(43520K)->42757K(43520K) NonClass: 37573K(38016K)->37573K(38016K) Class: 5183K(5504K)->5183K(5504K)
[2023-09-18T15:56:53.924-0300][gc          ] GC(16) Pause Young (Normal) (G1 Evacuation Pause) 448M->168M(1024M) 11,363ms
[2023-09-18T15:56:53.924-0300][gc,cpu      ] GC(16) User=0,03s Sys=0,00s Real=0,02s
[2023-09-18T17:34:44.387-0300][gc,heap,exit] Heap
[2023-09-18T17:34:44.387-0300][gc,heap,exit]  garbage-first heap   total 1048576K, used 497826K [0x00000000c0000000, 0x0000000100000000)
[2023-09-18T17:34:44.387-0300][gc,heap,exit]   region size 1024K, 324 young (331776K), 6 survivors (6144K)
[2023-09-18T17:34:44.387-0300][gc,heap,exit]  Metaspace       used 43435K, committed 44160K, reserved 1089536K
[2023-09-18T17:34:44.387-0300][gc,heap,exit]   class space    used 5334K, committed 5632K, reserved 1048576K
